Component: ARM Compiler 5.06 update 6 (build 750) Tool: armlink [4d35ed]

==============================================================================

Section Cross References

    main.o(i.main) refers to systick.o(i.SysTick_Init) for SysTick_Init
    main.o(i.main) refers to misc.o(i.NVIC_PriorityGroupConfig) for NVIC_PriorityGroupConfig
    main.o(i.main) refers to config.o(i.Config_init) for Config_init
    main.o(i.main) refers to screen.o(i.Screen_Init) for Screen_Init
    main.o(i.main) refers to usart.o(i.USART1_Init) for USART1_Init
    main.o(i.main) refers to usart3.o(i.USART3_Init) for USART3_Init
    main.o(i.main) refers to my_queue.o(i.MyQueue_Init) for MyQueue_Init
    main.o(i.main) refers to my_event.o(i.MyEventGroup_Init) for MyEventGroup_Init
    main.o(i.main) refers to dc_motor.o(i.DC_Motor_Init) for DC_Motor_Init
    main.o(i.main) refers to led.o(i.LED_Init) for LED_Init
    main.o(i.main) refers to key.o(i.KEY_Init) for KEY_Init
    main.o(i.main) refers to infrared.o(i.Infrared_Init) for Infrared_Init
    main.o(i.main) refers to sr04.o(i.sr04_init) for sr04_init
    main.o(i.main) refers to sg90.o(i.SG90_Init) for SG90_Init
    main.o(i.main) refers to liquid_level.o(i.liquid_level_Init) for liquid_level_Init
    main.o(i.main) refers to my_task.o(i.create_task) for create_task
    stm32f10x_it.o(i.SysTick_Handler) refers to tasks.o(i.xTaskGetSchedulerState) for xTaskGetSchedulerState
    stm32f10x_it.o(i.SysTick_Handler) refers to port.o(i.xPortSysTickHandler) for xPortSysTickHandler
    startup_stm32f10x_md.o(RESET) refers to startup_stm32f10x_md.o(STACK) for __initial_sp
    startup_stm32f10x_md.o(RESET) refers to startup_stm32f10x_md.o(.text) for Reset_Handler
    startup_stm32f10x_md.o(RESET) refers to stm32f10x_it.o(i.NMI_Handler) for NMI_Handler
    startup_stm32f10x_md.o(RESET) refers to stm32f10x_it.o(i.HardFault_Handler) for HardFault_Handler
    startup_stm32f10x_md.o(RESET) refers to stm32f10x_it.o(i.MemManage_Handler) for MemManage_Handler
    startup_stm32f10x_md.o(RESET) refers to stm32f10x_it.o(i.BusFault_Handler) for BusFault_Handler
    startup_stm32f10x_md.o(RESET) refers to stm32f10x_it.o(i.UsageFault_Handler) for UsageFault_Handler
    startup_stm32f10x_md.o(RESET) refers to port.o(.emb_text) for SVC_Handler
    startup_stm32f10x_md.o(RESET) refers to stm32f10x_it.o(i.DebugMon_Handler) for DebugMon_Handler
    startup_stm32f10x_md.o(RESET) refers to stm32f10x_it.o(i.SysTick_Handler) for SysTick_Handler
    startup_stm32f10x_md.o(RESET) refers to sr04.o(i.EXTI1_IRQHandler) for EXTI1_IRQHandler
    startup_stm32f10x_md.o(RESET) refers to usart.o(i.USART1_IRQHandler) for USART1_IRQHandler
    startup_stm32f10x_md.o(RESET) refers to usart3.o(i.USART3_IRQHandler) for USART3_IRQHandler
    startup_stm32f10x_md.o(.text) refers to system_stm32f10x.o(i.SystemInit) for SystemInit
    startup_stm32f10x_md.o(.text) refers to entry.o(.ARM.Collect$$$$00000000) for __main
    event_groups.o(i.vEventGroupClearBitsCallback) refers to event_groups.o(i.xEventGroupClearBits) for xEventGroupClearBits
    event_groups.o(i.vEventGroupDelete) refers to tasks.o(i.vTaskSuspendAll) for vTaskSuspendAll
    event_groups.o(i.vEventGroupDelete) refers to printf3.o(i.__0printf$3) for __2printf
    event_groups.o(i.vEventGroupDelete) refers to tasks.o(i.xTaskRemoveFromUnorderedEventList) for xTaskRemoveFromUnorderedEventList
    event_groups.o(i.vEventGroupDelete) refers to heap_4.o(i.vPortFree) for vPortFree
    event_groups.o(i.vEventGroupDelete) refers to tasks.o(i.xTaskResumeAll) for xTaskResumeAll
    event_groups.o(i.vEventGroupSetBitsCallback) refers to event_groups.o(i.xEventGroupSetBits) for xEventGroupSetBits
    event_groups.o(i.xEventGroupClearBits) refers to printf3.o(i.__0printf$3) for __2printf
    event_groups.o(i.xEventGroupClearBits) refers to port.o(i.vPortEnterCritical) for vPortEnterCritical
    event_groups.o(i.xEventGroupClearBits) refers to port.o(i.vPortExitCritical) for vPortExitCritical
    event_groups.o(i.xEventGroupCreate) refers to heap_4.o(i.pvPortMalloc) for pvPortMalloc
    event_groups.o(i.xEventGroupCreate) refers to list.o(i.vListInitialise) for vListInitialise
    event_groups.o(i.xEventGroupSetBits) refers to printf3.o(i.__0printf$3) for __2printf
    event_groups.o(i.xEventGroupSetBits) refers to tasks.o(i.vTaskSuspendAll) for vTaskSuspendAll
    event_groups.o(i.xEventGroupSetBits) refers to tasks.o(i.xTaskRemoveFromUnorderedEventList) for xTaskRemoveFromUnorderedEventList
    event_groups.o(i.xEventGroupSetBits) refers to tasks.o(i.xTaskResumeAll) for xTaskResumeAll
    event_groups.o(i.xEventGroupSync) refers to printf3.o(i.__0printf$3) for __2printf
    event_groups.o(i.xEventGroupSync) refers to tasks.o(i.xTaskGetSchedulerState) for xTaskGetSchedulerState
    event_groups.o(i.xEventGroupSync) refers to tasks.o(i.vTaskSuspendAll) for vTaskSuspendAll
[...]
    Libraries\CMSIS\startup_stm32f10x_md.s   0x00000000   Number         0  startup_stm32f10x_md.o ABSOLUTE
    Libraries\CMSIS\system_stm32f10x.c       0x00000000   Number         0  system_stm32f10x.o ABSOLUTE
    Libraries\STM32F10x_StdPeriph_Driver\src\misc.c 0x00000000   Number         0  misc.o ABSOLUTE
    Libraries\STM32F10x_StdPeriph_Driver\src\stm32f10x_adc.c 0x00000000   Number         0  stm32f10x_adc.o ABSOLUTE
    Libraries\STM32F10x_StdPeriph_Driver\src\stm32f10x_dma.c 0x00000000   Number         0  stm32f10x_dma.o ABSOLUTE
    Libraries\STM32F10x_StdPeriph_Driver\src\stm32f10x_exti.c 0x00000000   Number         0  stm32f10x_exti.o ABSOLUTE
    Libraries\STM32F10x_StdPeriph_Driver\src\stm32f10x_gpio.c 0x00000000   Number         0  stm32f10x_gpio.o ABSOLUTE
    Libraries\STM32F10x_StdPeriph_Driver\src\stm32f10x_rcc.c 0x00000000   Number         0  stm32f10x_rcc.o ABSOLUTE
    Libraries\STM32F10x_StdPeriph_Driver\src\stm32f10x_tim.c 0x00000000   Number         0  stm32f10x_tim.o ABSOLUTE
    Libraries\STM32F10x_StdPeriph_Driver\src\stm32f10x_usart.c 0x00000000   Number         0  stm32f10x_usart.o ABSOLUTE
    Libraries\\CMSIS\\core_cm3.c             0x00000000   Number         0  core_cm3.o ABSOLUTE
    Public\SysTick.c                         0x00000000   Number         0  systick.o ABSOLUTE
    Public\system.c                          0x00000000   Number         0  system.o ABSOLUTE
    User\main.c                              0x00000000   Number         0  main.o ABSOLUTE
    User\stm32f10x_it.c                      0x00000000   Number         0  stm32f10x_it.o ABSOLUTE
    cdcmple.s                                0x00000000   Number         0  cdcmple.o ABSOLUTE
    cdrcmple.s                               0x00000000   Number         0  cdrcmple.o ABSOLUTE
    cfcmple.s                                0x00000000   Number         0  cfcmple.o ABSOLUTE
    cfrcmple.s                               0x00000000   Number         0  cfrcmple.o ABSOLUTE
    dc.s                                     0x00000000   Number         0  dc.o ABSOLUTE
    handlers.s                               0x00000000   Number         0  handlers.o ABSOLUTE
    init.s                                   0x00000000   Number         0  init.o ABSOLUTE
    RESET                                    0x08000000   Section      236  startup_stm32f10x_md.o(RESET)
    .ARM.Collect$$$$00000000                 0x080000ec   Section        0  entry.o(.ARM.Collect$$$$00000000)
    .ARM.Collect$$$$00000001                 0x080000ec   Section        4  entry2.o(.ARM.Collect$$$$00000001)
    .ARM.Collect$$$$00000004                 0x080000f0   Section        4  entry5.o(.ARM.Collect$$$$00000004)
    .ARM.Collect$$$$00000008                 0x080000f4   Section        0  entry7b.o(.ARM.Collect$$$$00000008)
    .ARM.Collect$$$$0000000A                 0x080000f4   Section        0  entry8b.o(.ARM.Collect$$$$0000000A)
    .ARM.Collect$$$$0000000B                 0x080000f4   Section        8  entry9a.o(.ARM.Collect$$$$0000000B)
    .ARM.Collect$$$$0000000D                 0x080000fc   Section        0  entry10a.o(.ARM.Collect$$$$0000000D)
    .ARM.Collect$$$$0000000F                 0x080000fc   Section        0  entry11a.o(.ARM.Collect$$$$0000000F)
    .ARM.Collect$$$$00002712                 0x080000fc   Section        4  entry2.o(.ARM.Collect$$$$00002712)
    __lit__00000000                          0x080000fc   Data           4  entry2.o(.ARM.Collect$$$$00002712)
    .emb_text                                0x08000100   Section      150  port.o(.emb_text)
    .text                                    0x08000198   Section       36  startup_stm32f10x_md.o(.text)
    .text                                    0x080001bc   Section        0  memcpya.o(.text)
    .text                                    0x080001e0   Section        0  fmul.o(.text)
    .text                                    0x08000244   Section        0  dadd.o(.text)
    .text                                    0x08000392   Section        0  dmul.o(.text)
    .text                                    0x08000476   Section        0  ddiv.o(.text)
    .text                                    0x08000554   Section        0  fflti.o(.text)
    .text                                    0x08000566   Section        0  ffltui.o(.text)
    .text                                    0x08000570   Section        0  dfixui.o(.text)
    .text                                    0x080005a2   Section        0  f2d.o(.text)
    .text                                    0x080005c8   Section        0  d2f.o(.text)
    .text                                    0x08000600   Section       20  cfcmple.o(.text)
    .text                                    0x08000614   Section       20  cfrcmple.o(.text)
    .text                                    0x08000628   Section        0  uidiv.o(.text)
    .text                                    0x08000654   Section        0  uldiv.o(.text)
    .text                                    0x080006b6   Section        0  llshl.o(.text)
    .text                                    0x080006d4   Section        0  llushr.o(.text)
    .text                                    0x080006f4   Section        0  llsshr.o(.text)
    .text                                    0x08000718   Section        0  fepilogue.o(.text)
    .text                                    0x08000718   Section        0  iusefp.o(.text)
    .text                                    0x08000786   Section        0  depilogue.o(.text)
    .text                                    0x08000840   Section        0  dfixul.o(.text)
    .text                                    0x08000870   Section       48  cdrcmple.o(.text)
    .text                                    0x080008a0   Section       36  init.o(.text)
    i.BusFault_Handler                       0x080008c4   Section        0  stm32f10x_it.o(i.BusFault_Handler)
    i.Check_level                            0x080008c8   Section        0  liquid_level.o(i.Check_level)
    i.Config_init                            0x0800091c   Section        0  config.o(i.Config_init)
    i.DC_Motor_Init                          0x08000930   Section        0  dc_motor.o(i.DC_Motor_Init)
    i.DcMotorCheckEventFlag                  0x080009ec   Section        0  dc_motor.o(i.DcMotorCheckEventFlag)
    DcMotorCheckEventFlag                    0x080009ed   Thumb Code   130  dc_motor.o(i.DcMotorCheckEventFlag)
    i.DcMotorOff                             0x08000a74   Section        0  dc_motor.o(i.DcMotorOff)
    i.DcMotorOn                              0x08000aa8   Section        0  dc_motor.o(i.DcMotorOn)
    i.DebugMon_Handler                       0x08000adc   Section        0  stm32f10x_it.o(i.DebugMon_Handler)
    i.EXTI1_IRQHandler                       0x08000ae0   Section        0  sr04.o(i.EXTI1_IRQHandler)
    i.EXTI_ClearITPendingBit                 0x08000b94   Section        0  stm32f10x_exti.o(i.EXTI_ClearITPendingBit)
    i.EXTI_GetITStatus                       0x08000ba0   Section        0  stm32f10x_exti.o(i.EXTI_GetITStatus)
    i.EXTI_Init                              0x08000bc8   Section        0  stm32f10x_exti.o(i.EXTI_Init)
    i.GPIO_EXTILineConfig                    0x08000c5c   Section        0  stm32f10x_gpio.o(i.GPIO_EXTILineConfig)
    i.GPIO_Init                              0x08000c9c   Section        0  stm32f10x_gpio.o(i.GPIO_Init)
    i.GPIO_ResetBits                         0x08000db2   Section        0  stm32f10x_gpio.o(i.GPIO_ResetBits)
    i.GPIO_SetBits                           0x08000db6   Section        0  stm32f10x_gpio.o(i.GPIO_SetBits)
    i.HardFault_Handler                      0x08000dba   Section        0  stm32f10x_it.o(i.HardFault_Handler)
    i.Infrared_Init                          0x08000dc0   Section        0  infrared.o(i.Infrared_Init)
    i.KEY_Init                               0x08000de8   Section        0  key.o(i.KEY_Init)
    i.LED_Init                               0x08000e24   Section        0  led.o(i.LED_Init)
    i.MemManage_Handler                      0x08000ea0   Section        0  stm32f10x_it.o(i.MemManage_Handler)
    i.MyEventGroup_Init                      0x08000ea4   Section        0  my_event.o(i.MyEventGroup_Init)
    i.MyQueue_Init                           0x08000ed0   Section        0  my_queue.o(i.MyQueue_Init)
    i.My_Check_Event                         0x08000ee8   Section        0  my_event.o(i.My_Check_Event)
    i.My_Clear_Event                         0x08000f30   Section        0  my_event.o(i.My_Clear_Event)
    i.My_Printf_Event_Status                 0x08000f4c   Section        0  my_event.o(i.My_Printf_Event_Status)
    i.My_Set_Event                           0x08000f50   Section        0  my_event.o(i.My_Set_Event)
    i.NMI_Handler                            0x08000f6c   Section        0  stm32f10x_it.o(i.NMI_Handler)
    i.NVIC_Init                              0x08000f70   Section        0  misc.o(i.NVIC_Init)
    i.NVIC_PriorityGroupConfig               0x08000fe0   Section        0  misc.o(i.NVIC_PriorityGroupConfig)
    i.RCC_APB1PeriphClockCmd                 0x08000ff4   Section        0  stm32f10x_rcc.o(i.RCC_APB1PeriphClockCmd)
    i.RCC_APB2PeriphClockCmd                 0x08001014   Section        0  stm32f10x_rcc.o(i.RCC_APB2PeriphClockCmd)
    i.RCC_GetClocksFreq                      0x08001034   Section        0  stm32f10x_rcc.o(i.RCC_GetClocksFreq)
    i.SG90Run                                0x08001108   Section        0  sg90.o(i.SG90Run)
    i.SG90_Init                              0x08001170   Section        0  sg90.o(i.SG90_Init)
    i.SG90_SetAngle                          0x0800126c   Section        0  sg90.o(i.SG90_SetAngle)
    i.Screen_Cmd_Switch                      0x080012e4   Section        0  screen.o(i.Screen_Cmd_Switch)
    Screen_Cmd_Switch                        0x080012e5   Thumb Code   194  screen.o(i.Screen_Cmd_Switch)
    i.Screen_Init                            0x080013dc   Section        0  screen.o(i.Screen_Init)
    i.SendAngleToDisplay                     0x080013f4   Section        0  screen.o(i.SendAngleToDisplay)
    SendAngleToDisplay                       0x080013f5   Thumb Code    34  screen.o(i.SendAngleToDisplay)
    i.SetSysClock                            0x08001478   Section        0  system_stm32f10x.o(i.SetSysClock)
    SetSysClock                              0x08001479   Thumb Code     8  system_stm32f10x.o(i.SetSysClock)
    i.SetSysClockTo72                        0x08001480   Section        0  system_stm32f10x.o(i.SetSysClockTo72)
    SetSysClockTo72                          0x08001481   Thumb Code   214  system_stm32f10x.o(i.SetSysClockTo72)
    i.SysTick_CLKSourceConfig                0x08001560   Section        0  misc.o(i.SysTick_CLKSourceConfig)
    i.SysTick_Handler                        0x08001588   Section        0  stm32f10x_it.o(i.SysTick_Handler)
    i.SysTick_Init                           0x08001598   Section        0  systick.o(i.SysTick_Init)
    i.SystemInit                             0x080015f4   Section        0  system_stm32f10x.o(i.SystemInit)
    i.TIM3_Init                              0x08001654   Section        0  sr04.o(i.TIM3_Init)
    i.TIM_Cmd                                0x0800168c   Section        0  stm32f10x_tim.o(i.TIM_Cmd)
    i.TIM_CtrlPWMOutputs                     0x080016a4   Section        0  stm32f10x_tim.o(i.TIM_CtrlPWMOutputs)
    i.TIM_GetCounter                         0x080016c2   Section        0  stm32f10x_tim.o(i.TIM_GetCounter)
    i.TIM_OC4Init                            0x080016c8   Section        0  stm32f10x_tim.o(i.TIM_OC4Init)
    i.TIM_SetCompare4                        0x08001744   Section        0  stm32f10x_tim.o(i.TIM_SetCompare4)
    i.TIM_SetCounter                         0x0800174a   Section        0  stm32f10x_tim.o(i.TIM_SetCounter)
    i.TIM_TimeBaseInit                       0x08001750   Section        0  stm32f10x_tim.o(i.TIM_TimeBaseInit)
    i.USART1_IRQHandler                      0x080017f4   Section        0  usart.o(i.USART1_IRQHandler)
    i.USART1_Init                            0x0800196c   Section        0  usart.o(i.USART1_Init)
    i.USART3_IRQHandler                      0x08001a1c   Section        0  usart3.o(i.USART3_IRQHandler)
    i.USART3_Init                            0x08001a80   Section        0  usart3.o(i.USART3_Init)
    i.USART3_SendString                      0x08001b60   Section        0  usart3.o(i.USART3_SendString)
    i.USART_ClearFlag                        0x08001bdc   Section        0  stm32f10x_usart.o(i.USART_ClearFlag)
    i.USART_ClearITPendingBit                0x08001bee   Section        0  stm32f10x_usart.o(i.USART_ClearITPendingBit)
    i.USART_Cmd                              0x08001c0c   Section        0  stm32f10x_usart.o(i.USART_Cmd)
    i.USART_GetFlagStatus                    0x08001c24   Section        0  stm32f10x_usart.o(i.USART_GetFlagStatus)
    i.USART_GetITStatus                      0x08001c3e   Section        0  stm32f10x_usart.o(i.USART_GetITStatus)
    i.USART_ITConfig                         0x08001c92   Section        0  stm32f10x_usart.o(i.USART_ITConfig)
    i.USART_Init                             0x08001cdc   Section        0  stm32f10x_usart.o(i.USART_Init)
    i.USART_ReceiveData                      0x08001db4   Section        0  stm32f10x_usart.o(i.USART_ReceiveData)
    i.USART_SendData                         0x08001dbe   Section        0  stm32f10x_usart.o(i.USART_SendData)
    i.UpdateSG90Angle                        0x08001dc8   Section        0  screen.o(i.UpdateSG90Angle)
    UpdateSG90Angle                          0x08001dc9   Thumb Code    52  screen.o(i.UpdateSG90Angle)
    i.UsageFault_Handler                     0x08001e1c   Section        0  stm32f10x_it.o(i.UsageFault_Handler)
    i.__0printf$3                            0x08001e20   Section        0  printf3.o(i.__0printf$3)
    i.__0vsnprintf                           0x08001e40   Section        0  printfa.o(i.__0vsnprintf)
    i.__scatterload_copy                     0x08001e6c   Section       14  handlers.o(i.__scatterload_copy)
    i.__scatterload_null                     0x08001e7a   Section        2  handlers.o(i.__scatterload_null)
    i.__scatterload_zeroinit                 0x08001e7c   Section       14  handlers.o(i.__scatterload_zeroinit)
    i._fp_digits                             0x08001e8c   Section        0  printfa.o(i._fp_digits)
    _fp_digits                               0x08001e8d   Thumb Code   366  printfa.o(i._fp_digits)
    i._printf_core                           0x08002010   Section        0  printf3.o(i._printf_core)
    _printf_core                             0x08002011   Thumb Code   436  printf3.o(i._printf_core)
    i._printf_core                           0x080021c8   Section        0  printfa.o(i._printf_core)
    _printf_core                             0x080021c9   Thumb Code  1744  printfa.o(i._printf_core)
    i._printf_post_padding                   0x080028a4   Section        0  printfa.o(i._printf_post_padding)
    _printf_post_padding                     0x080028a5   Thumb Code    36  printfa.o(i._printf_post_padding)
    i._printf_pre_padding                    0x080028c8   Section        0  printfa.o(i._printf_pre_padding)
    _printf_pre_padding                      0x080028c9   Thumb Code    46  printfa.o(i._printf_pre_padding)
    i._snputc                                0x080028f6   Section        0  printfa.o(i._snputc)
    _snputc                                  0x080028f7   Thumb Code    22  printfa.o(i._snputc)
    i.create_task                            0x0800290c   Section        0  my_task.o(i.create_task)
    i.dc_motor_task                          0x0800293c   Section        0  dc_motor.o(i.dc_motor_task)
    i.debug_SR04                             0x08002a1c   Section        0  config.o(i.debug_SR04)
    i.debug_printf_level                     0x08002a1e   Section        0  config.o(i.debug_printf_level)
    i.debug_sg90                             0x08002a20   Section        0  config.o(i.debug_sg90)
    i.debug_vprintf                          0x08002a3c   Section        0  config.o(i.debug_vprintf)
    debug_vprintf                            0x08002a3d   Thumb Code   104  config.o(i.debug_vprintf)
    i.fputc                                  0x08002aac   Section        0  usart.o(i.fputc)
    i.infrared_task                          0x08002ad0   Section        0  infrared.o(i.infrared_task)
    i.key_task                               0x08002ae8   Section        0  key.o(i.key_task)
    i.led1_task                              0x08002b20   Section        0  my_task.o(i.led1_task)
    i.liquid_level_Init                      0x08002b48   Section        0  liquid_level.o(i.liquid_level_Init)
    i.liquid_level_task                      0x08002b6c   Section        0  liquid_level.o(i.liquid_level_task)
    i.main                                   0x08002c74   Section        0  main.o(i.main)
    i.printfEventGroupBinary                 0x08002cf0   Section        0  my_event.o(i.printfEventGroupBinary)
    i.printf_to_pinmu                        0x08002d58   Section        0  config.o(i.printf_to_pinmu)
    i.prvAddCurrentTaskToDelayedList         0x08002d74   Section        0  tasks.o(i.prvAddCurrentTaskToDelayedList)
    prvAddCurrentTaskToDelayedList           0x08002d75   Thumb Code   124  tasks.o(i.prvAddCurrentTaskToDelayedList)
    i.prvAddNewTaskToReadyList               0x08002e0c   Section        0  tasks.o(i.prvAddNewTaskToReadyList)
    prvAddNewTaskToReadyList                 0x08002e0d   Thumb Code   150  tasks.o(i.prvAddNewTaskToReadyList)
    i.prvCheckTasksWaitingTermination        0x08002ec0   Section        0  tasks.o(i.prvCheckTasksWaitingTermination)
    prvCheckTasksWaitingTermination          0x08002ec1   Thumb Code    86  tasks.o(i.prvCheckTasksWaitingTermination)
    i.prvCopyDataFromQueue                   0x08002f24   Section        0  queue.o(i.prvCopyDataFromQueue)
    prvCopyDataFromQueue                     0x08002f25   Thumb Code    42  queue.o(i.prvCopyDataFromQueue)
    i.prvCopyDataToQueue                     0x08002f4e   Section        0  queue.o(i.prvCopyDataToQueue)
    prvCopyDataToQueue                       0x08002f4f   Thumb Code   124  queue.o(i.prvCopyDataToQueue)
    i.prvDeleteTCB                           0x08002fca   Section        0  tasks.o(i.prvDeleteTCB)
    prvDeleteTCB                             0x08002fcb   Thumb Code    18  tasks.o(i.prvDeleteTCB)
    i.prvHeapInit                            0x08002fdc   Section        0  heap_4.o(i.prvHeapInit)
    prvHeapInit                              0x08002fdd   Thumb Code    98  heap_4.o(i.prvHeapInit)
    i.prvIdleTask                            0x08003058   Section        0  tasks.o(i.prvIdleTask)
    prvIdleTask                              0x08003059   Thumb Code    32  tasks.o(i.prvIdleTask)
    i.prvInitialiseMutex                     0x08003080   Section        0  queue.o(i.prvInitialiseMutex)
    prvInitialiseMutex                       0x08003081   Thumb Code    28  queue.o(i.prvInitialiseMutex)
    i.prvInitialiseNewQueue                  0x0800309c   Section        0  queue.o(i.prvInitialiseNewQueue)
    prvInitialiseNewQueue                    0x0800309d   Thumb Code    38  queue.o(i.prvInitialiseNewQueue)
    i.prvInitialiseNewTask                   0x080030c4   Section        0  tasks.o(i.prvInitialiseNewTask)
    prvInitialiseNewTask                     0x080030c5   Thumb Code   160  tasks.o(i.prvInitialiseNewTask)
    i.prvInitialiseTaskLists                 0x0800318c   Section        0  tasks.o(i.prvInitialiseTaskLists)
    prvInitialiseTaskLists                   0x0800318d   Thumb Code    70  tasks.o(i.prvInitialiseTaskLists)
    i.prvInsertBlockIntoFreeList             0x080031f4   Section        0  heap_4.o(i.prvInsertBlockIntoFreeList)
    prvInsertBlockIntoFreeList               0x080031f5   Thumb Code    96  heap_4.o(i.prvInsertBlockIntoFreeList)
    i.prvIsQueueEmpty                        0x0800325c   Section        0  queue.o(i.prvIsQueueEmpty)
    prvIsQueueEmpty                          0x0800325d   Thumb Code    26  queue.o(i.prvIsQueueEmpty)
    i.prvIsQueueFull                         0x08003276   Section        0  queue.o(i.prvIsQueueFull)
    prvIsQueueFull                           0x08003277   Thumb Code    30  queue.o(i.prvIsQueueFull)
    i.prvResetNextTaskUnblockTime            0x08003294   Section        0  tasks.o(i.prvResetNextTaskUnblockTime)
    prvResetNextTaskUnblockTime              0x08003295   Thumb Code    42  tasks.o(i.prvResetNextTaskUnblockTime)
    i.prvTaskExitError                       0x080032c8   Section        0  port.o(i.prvTaskExitError)
    prvTaskExitError                         0x080032c9   Thumb Code    48  port.o(i.prvTaskExitError)
    i.prvTestWaitCondition                   0x08003324   Section        0  event_groups.o(i.prvTestWaitCondition)
    prvTestWaitCondition                     0x08003325   Thumb Code    30  event_groups.o(i.prvTestWaitCondition)
    i.prvUnlockQueue                         0x08003342   Section        0  queue.o(i.prvUnlockQueue)
    prvUnlockQueue                           0x08003343   Thumb Code   126  queue.o(i.prvUnlockQueue)
    i.putc                                   0x080033c0   Section        0  putc.o(i.putc)
    i.pvPortMalloc                           0x080033c4   Section        0  heap_4.o(i.pvPortMalloc)
    i.pvTaskIncrementMutexHeldCount          0x08003508   Section        0  tasks.o(i.pvTaskIncrementMutexHeldCount)
    i.pxPortInitialiseStack                  0x08003528   Section        0  port.o(i.pxPortInitialiseStack)
    i.screen_task                            0x0800354c   Section        0  screen.o(i.screen_task)
    i.sr04_init                              0x08003578   Section        0  sr04.o(i.sr04_init)
    i.sr04_task                              0x08003670   Section        0  sr04.o(i.sr04_task)
    i.start_task                             0x080036e0   Section        0  my_task.o(i.start_task)
    i.uxListRemove                           0x08003848   Section        0  list.o(i.uxListRemove)
    i.uxTaskResetEventItemValue              0x08003870   Section        0  tasks.o(i.uxTaskResetEventItemValue)
    i.vListInitialise                        0x0800388c   Section        0  list.o(i.vListInitialise)
    i.vListInitialiseItem                    0x080038a6   Section        0  list.o(i.vListInitialiseItem)
    i.vListInsert                            0x080038ac   Section        0  list.o(i.vListInsert)
    i.vListInsertEnd                         0x080038e0   Section        0  list.o(i.vListInsertEnd)
    i.vPortEnterCritical                     0x080038f8   Section        0  port.o(i.vPortEnterCritical)
    i.vPortExitCritical                      0x0800396c   Section        0  port.o(i.vPortExitCritical)
    i.vPortFree                              0x080039c8   Section        0  heap_4.o(i.vPortFree)
    i.vPortSetupTimerInterrupt               0x08003a70   Section        0  port.o(i.vPortSetupTimerInterrupt)
    i.vPortValidateInterruptPriority         0x08003a84   Section        0  port.o(i.vPortValidateInterruptPriority)
    i.vSG90ControlTask                       0x08003b10   Section        0  sg90.o(i.vSG90ControlTask)
    i.vTaskDelay                             0x08003ba8   Section        0  tasks.o(i.vTaskDelay)
    i.vTaskDelete                            0x08003c20   Section        0  tasks.o(i.vTaskDelete)
    i.vTaskMissedYield                       0x08003d30   Section        0  tasks.o(i.vTaskMissedYield)
    i.vTaskPlaceOnEventList                  0x08003d3c   Section        0  tasks.o(i.vTaskPlaceOnEventList)
    i.vTaskPlaceOnUnorderedEventList         0x08003d94   Section        0  tasks.o(i.vTaskPlaceOnUnorderedEventList)
    i.vTaskPriorityInherit                   0x08003e14   Section        0  tasks.o(i.vTaskPriorityInherit)
    i.vTaskSetTimeOutState                   0x08003ec4   Section        0  tasks.o(i.vTaskSetTimeOutState)
    i.vTaskStartScheduler                    0x08003f14   Section        0  tasks.o(i.vTaskStartScheduler)
    i.vTaskSuspendAll                        0x08003fbc   Section        0  tasks.o(i.vTaskSuspendAll)
    i.vTaskSwitchContext                     0x08003fcc   Section        0  tasks.o(i.vTaskSwitchContext)
    i.xEventGroupClearBits                   0x08004078   Section        0  event_groups.o(i.xEventGroupClearBits)
    i.xEventGroupCreate                      0x080040ec   Section        0  event_groups.o(i.xEventGroupCreate)
    i.xEventGroupSetBits                     0x08004108   Section        0  event_groups.o(i.xEventGroupSetBits)
    i.xEventGroupWaitBits                    0x080041f0   Section        0  event_groups.o(i.xEventGroupWaitBits)
    i.xMyQueueReceiveData                    0x08004348   Section        0  my_queue.o(i.xMyQueueReceiveData)
    i.xPortStartScheduler                    0x08004378   Section        0  port.o(i.xPortStartScheduler)
    i.xPortSysTickHandler                    0x08004418   Section        0  port.o(i.xPortSysTickHandler)
    i.xQueueCreateMutex                      0x0800444c   Section        0  queue.o(i.xQueueCreateMutex)
    i.xQueueGenericCreate                    0x08004470   Section        0  queue.o(i.xQueueGenericCreate)
    i.xQueueGenericReceive                   0x080044e8   Section        0  queue.o(i.xQueueGenericReceive)
    i.xQueueGenericReset                     0x080046b4   Section        0  queue.o(i.xQueueGenericReset)
    i.xQueueGenericSend                      0x08004768   Section        0  queue.o(i.xQueueGenericSend)
    i.xQueueGenericSendFromISR               0x08004910   Section        0  queue.o(i.xQueueGenericSendFromISR)
    i.xTaskCheckForTimeOut                   0x08004a14   Section        0  tasks.o(i.xTaskCheckForTimeOut)
    i.xTaskCreate                            0x08004ab8   Section        0  tasks.o(i.xTaskCreate)
    i.xTaskGetSchedulerState                 0x08004b18   Section        0  tasks.o(i.xTaskGetSchedulerState)
    i.xTaskIncrementTick                     0x08004b38   Section        0  tasks.o(i.xTaskIncrementTick)
    i.xTaskPriorityDisinherit                0x08004c9c   Section        0  tasks.o(i.xTaskPriorityDisinherit)
    i.xTaskRemoveFromEventList               0x08004d78   Section        0  tasks.o(i.xTaskRemoveFromEventList)
    i.xTaskRemoveFromUnorderedEventList      0x08004e30   Section        0  tasks.o(i.xTaskRemoveFromUnorderedEventList)
    i.xTaskResumeAll                         0x08004ef4   Section        0  tasks.o(i.xTaskResumeAll)
    .data                                    0x20000000   Section       60  tasks.o(.data)
    pxDelayedTaskList                        0x20000004   Data           4  tasks.o(.data)
    pxOverflowDelayedTaskList                0x20000008   Data           4  tasks.o(.data)
    uxDeletedTasksWaitingCleanUp             0x2000000c   Data           4  tasks.o(.data)
    uxCurrentNumberOfTasks                   0x20000010   Data           4  tasks.o(.data)
    xTickCount                               0x20000014   Data           4  tasks.o(.data)
    uxTopReadyPriority                       0x20000018   Data           4  tasks.o(.data)
    xSchedulerRunning                        0x2000001c   Data           4  tasks.o(.data)
    uxPendedTicks                            0x20000020   Data           4  tasks.o(.data)
    xYieldPending                            0x20000024   Data           4  tasks.o(.data)
    xNumOfOverflows                          0x20000028   Data           4  tasks.o(.data)
    uxTaskNumber                             0x2000002c   Data           4  tasks.o(.data)
    xNextTaskUnblockTime                     0x20000030   Data           4  tasks.o(.data)
    xIdleTaskHandle                          0x20000034   Data           4  tasks.o(.data)
    uxSchedulerSuspended                     0x20000038   Data           4  tasks.o(.data)
    .data                                    0x2000003c   Section       24  heap_4.o(.data)
    xStart                                   0x2000003c   Data           8  heap_4.o(.data)
    pxEnd                                    0x20000044   Data           4  heap_4.o(.data)
    xFreeBytesRemaining                      0x20000048   Data           4  heap_4.o(.data)
    xMinimumEverFreeBytesRemaining           0x2000004c   Data           4  heap_4.o(.data)
    xBlockAllocatedBit                       0x20000050   Data           4  heap_4.o(.data)
    .data                                    0x20000054   Section       12  port.o(.data)
    uxCriticalNesting                        0x20000054   Data           4  port.o(.data)
    ucMaxSysCallPriority                     0x20000058   Data           1  port.o(.data)
    ulMaxPRIGROUPValue                       0x2000005c   Data           4  port.o(.data)
    .data                                    0x20000060   Section       20  stm32f10x_rcc.o(.data)
    APBAHBPrescTable                         0x20000060   Data          16  stm32f10x_rcc.o(.data)
    ADCPrescTable                            0x20000070   Data           4  stm32f10x_rcc.o(.data)
    .data                                    0x20000074   Section       20  system_stm32f10x.o(.data)
    .data                                    0x20000088   Section       12  dc_motor.o(.data)
    xMotorMutex                              0x20000088   Data           4  dc_motor.o(.data)
    motorState                               0x2000008c   Data           1  dc_motor.o(.data)
    .data                                    0x20000094   Section        4  screen.o(.data)
    .data                                    0x20000098   Section       37  my_task.o(.data)
    .data                                    0x200000c0   Section        8  sr04.o(.data)
    .data                                    0x200000c8   Section        4  my_queue.o(.data)
    .data                                    0x200000cc   Section        4  my_event.o(.data)
    .data                                    0x200000d0   Section        4  config.o(.data)
    xPinmuMutex                              0x200000d0   Data           4  config.o(.data)
    .data                                    0x200000d4   Section        4  sg90.o(.data)
    .data                                    0x200000d8   Section        4  usart3.o(.data)
    xUsart3Mutex                             0x200000d8   Data           4  usart3.o(.data)
    .data                                    0x200000dc   Section        4  systick.o(.data)
    fac_us                                   0x200000dc   Data           1  systick.o(.data)
    fac_ms                                   0x200000de   Data           2  systick.o(.data)
    .data                                    0x200000e0   Section        4  stdout.o(.data)
    .bss                                     0x200000e4   Section      740  tasks.o(.bss)
    pxReadyTasksLists                        0x200000e4   Data         640  tasks.o(.bss)
    xDelayedTaskList1                        0x20000364   Data          20  tasks.o(.bss)
    xDelayedTaskList2                        0x20000378   Data          20  tasks.o(.bss)
    xPendingReadyList                        0x2000038c   Data          20  tasks.o(.bss)
    xTasksWaitingTermination                 0x200003a0   Data          20  tasks.o(.bss)
    xSuspendedTaskList                       0x200003b4   Data          20  tasks.o(.bss)
    .bss                                     0x200003c8   Section    18432  heap_4.o(.bss)
    ucHeap                                   0x200003c8   Data       18432  heap_4.o(.bss)
    .bss                                     0x20004bc8   Section       40  dc_motor.o(.bss)
    data                                     0x20004bc8   Data          40  dc_motor.o(.bss)
    .bss                                     0x20004bf0   Section       16  screen.o(.bss)
    sg90data                                 0x20004bf0   Data          16  screen.o(.bss)
    STACK                                    0x20004c00   Section     1024  startup_stm32f10x_md.o(STACK)

    Global Symbols

    Symbol Name                              Value     Ov Type        Size  Object(Section)

    BuildAttributes$$THM_ISAv4$P$D$K$B$S$PE$A:L22UL41UL21$X:L11$S22US41US21$IEEE1$IW$USESV6$~STKCKD$USESV7$~SHL$OTIME$ROPI$IEEEX$EBA8$MICROLIB$REQ8$PRES8$EABIv2 0x00000000   Number         0  anon$$obj.o ABSOLUTE
    __ARM_use_no_argv                        0x00000000   Number         0  main.o ABSOLUTE
    _printf_a                                0x00000000   Number         0  stubs.o ABSOLUTE
    _printf_c                                0x00000000   Number         0  stubs.o ABSOLUTE
    _printf_charcount                        0x00000000   Number         0  stubs.o ABSOLUTE
    _printf_d                                0x00000000   Number         0  stubs.o ABSOLUTE
    _printf_e                                0x00000000   Number         0  stubs.o ABSOLUTE
    _printf_f                                0x00000000   Number         0  stubs.o ABSOLUTE
    _printf_flags                            0x00000000   Number         0  stubs.o ABSOLUTE
    _printf_fp_dec                           0x00000000   Number         0  stubs.o ABSOLUTE
    _printf_fp_hex                           0x00000000   Number         0  stubs.o ABSOLUTE
    _printf_g                                0x00000000   Number         0  stubs.o ABSOLUTE
    _printf_i                                0x00000000   Number         0  stubs.o ABSOLUTE
    _printf_int_dec                          0x00000000   Number         0  stubs.o ABSOLUTE
    _printf_l                                0x00000000   Number         0  stubs.o ABSOLUTE
    _printf_lc                               0x00000000   Number         0  stubs.o ABSOLUTE
    _printf_ll                               0x00000000   Number         0  stubs.o ABSOLUTE
    _printf_lld                              0x00000000   Number         0  stubs.o ABSOLUTE
    _printf_lli                              0x00000000   Number         0  stubs.o ABSOLUTE
    _printf_llo                              0x00000000   Number         0  stubs.o ABSOLUTE
    _printf_llu                              0x00000000   Number         0  stubs.o ABSOLUTE
    _printf_llx                              0x00000000   Number         0  stubs.o ABSOLUTE
    _printf_longlong_dec                     0x00000000   Number         0  stubs.o ABSOLUTE
    _printf_longlong_hex                     0x00000000   Number         0  stubs.o ABSOLUTE
    _printf_longlong_oct                     0x00000000   Number         0  stubs.o ABSOLUTE
    _printf_ls                               0x00000000   Number         0  stubs.o ABSOLUTE
    _printf_mbtowc                           0x00000000   Number         0  stubs.o ABSOLUTE
    _printf_n                                0x00000000   Number         0  stubs.o ABSOLUTE
    _printf_o                                0x00000000   Number         0  stubs.o ABSOLUTE
    _printf_p                                0x00000000   Number         0  stubs.o ABSOLUTE
    _printf_percent                          0x00000000   Number         0  stubs.o ABSOLUTE
    _printf_pre_padding                      0x00000000   Number         0  stubs.o ABSOLUTE
    _printf_return_value                     0x00000000   Number         0  stubs.o ABSOLUTE
    _printf_s                                0x00000000   Number         0  stubs.o ABSOLUTE
    _printf_sizespec                         0x00000000   Number         0  stubs.o ABSOLUTE
    _printf_str                              0x00000000   Number         0  stubs.o ABSOLUTE
    _printf_truncate_signed                  0x00000000   Number         0  stubs.o ABSOLUTE
    _printf_truncate_unsigned                0x00000000   Number         0  stubs.o ABSOLUTE
    _printf_u                                0x00000000   Number         0  stubs.o ABSOLUTE
    _printf_wc                               0x00000000   Number         0  stubs.o ABSOLUTE
    _printf_wctomb                           0x00000000   Number         0  stubs.o ABSOLUTE
    _printf_widthprec                        0x00000000   Number         0  stubs.o ABSOLUTE
    _printf_x                                0x00000000   Number         0  stubs.o ABSOLUTE
    __cpp_initialize__aeabi_                  - Undefined Weak Reference
    __cxa_finalize                            - Undefined Weak Reference
    __decompress                              - Undefined Weak Reference
    _clock_init                               - Undefined Weak Reference
    _microlib_exit                            - Undefined Weak Reference
    __Vectors_Size                           0x000000ec   Number         0  startup_stm32f10x_md.o ABSOLUTE
    __Vectors                                0x08000000   Data           4  startup_stm32f10x_md.o(RESET)
    __Vectors_End                            0x080000ec   Data           0  startup_stm32f10x_md.o(RESET)
    __main                                   0x080000ed   Thumb Code     0  entry.o(.ARM.Collect$$$$00000000)
    _main_stk                                0x080000ed   Thumb Code     0  entry2.o(.ARM.Collect$$$$00000001)
    _main_scatterload                        0x080000f1   Thumb Code     0  entry5.o(.ARM.Collect$$$$00000004)
    __main_after_scatterload                 0x080000f5   Thumb Code     0  entry5.o(.ARM.Collect$$$$00000004)
    _main_clock                              0x080000f5   Thumb Code     0  entry7b.o(.ARM.Collect$$$$00000008)
    _main_cpp_init                           0x080000f5   Thumb Code     0  entry8b.o(.ARM.Collect$$$$0000000A)
    _main_init                               0x080000f5   Thumb Code     0  entry9a.o(.ARM.Collect$$$$0000000B)
    __rt_final_cpp                           0x080000fd   Thumb Code     0  entry10a.o(.ARM.Collect$$$$0000000D)
    __rt_final_exit                          0x080000fd   Thumb Code     0  entry11a.o(.ARM.Collect$$$$0000000F)
    SVC_Handler                              0x08000101   Thumb Code    32  port.o(.emb_text)
    __asm___6_port_c_39a90d8d__prvStartFirstTask 0x08000125   Thumb Code    28  port.o(.emb_text)
    PendSV_Handler                           0x08000145   Thumb Code    72  port.o(.emb_text)
    vPortGetIPSR                             0x08000191   Thumb Code     6  port.o(.emb_text)
    Reset_Handler                            0x08000199   Thumb Code     8  startup_stm32f10x_md.o(.text)
    ADC1_2_IRQHandler                        0x080001b3   Thumb Code     0  startup_stm32f10x_md.o(.text)
    CAN1_RX1_IRQHandler                      0x080001b3   Thumb Code     0  startup_stm32f10x_md.o(.text)
    CAN1_SCE_IRQHandler                      0x080001b3   Thumb Code     0  startup_stm32f10x_md.o(.text)
    DMA1_Channel1_IRQHandler                 0x080001b3   Thumb Code     0  startup_stm32f10x_md.o(.text)
    DMA1_Channel2_IRQHandler                 0x080001b3   Thumb Code     0  startup_stm32f10x_md.o(.text)
    DMA1_Channel3_IRQHandler                 0x080001b3   Thumb Code     0  startup_stm32f10x_md.o(.text)
    DMA1_Channel4_IRQHandler                 0x080001b3   Thumb Code     0  startup_stm32f10x_md.o(.text)
    DMA1_Channel5_IRQHandler                 0x080001b3   Thumb Code     0  startup_stm32f10x_md.o(.text)
    DMA1_Channel6_IRQHandler                 0x080001b3   Thumb Code     0  startup_stm32f10x_md.o(.text)
    DMA1_Channel7_IRQHandler                 0x080001b3   Thumb Code     0  startup_stm32f10x_md.o(.text)
    EXTI0_IRQHandler                         0x080001b3   Thumb Code     0  startup_stm32f10x_md.o(.text)
    EXTI15_10_IRQHandler                     0x080001b3   Thumb Code     0  startup_stm32f10x_md.o(.text)
    EXTI2_IRQHandler                         0x080001b3   Thumb Code     0  startup_stm32f10x_md.o(.text)
    EXTI3_IRQHandler                         0x080001b3   Thumb Code     0  startup_stm32f10x_md.o(.text)
    EXTI4_IRQHandler                         0x080001b3   Thumb Code     0  startup_stm32f10x_md.o(.text)
    EXTI9_5_IRQHandler                       0x080001b3   Thumb Code     0  startup_stm32f10x_md.o(.text)
    FLASH_IRQHandler                         0x080001b3   Thumb Code     0  startup_stm32f10x_md.o(.text)
    I2C1_ER_IRQHandler                       0x080001b3   Thumb Code     0  startup_stm32f10x_md.o(.text)
    I2C1_EV_IRQHandler                       0x080001b3   Thumb Code     0  startup_stm32f10x_md.o(.text)
    I2C2_ER_IRQHandler                       0x080001b3   Thumb Code     0  startup_stm32f10x_md.o(.text)
    I2C2_EV_IRQHandler                       0x080001b3   Thumb Code     0  startup_stm32f10x_md.o(.text)
    PVD_IRQHandler                           0x080001b3   Thumb Code     0  startup_stm32f10x_md.o(.text)
    RCC_IRQHandler                           0x080001b3   Thumb Code     0  startup_stm32f10x_md.o(.text)
    RTCAlarm_IRQHandler                      0x080001b3   Thumb Code     0  startup_stm32f10x_md.o(.text)
    RTC_IRQHandler                           0x080001b3   Thumb Code     0  startup_stm32f10x_md.o(.text)
    SPI1_IRQHandler                          0x080001b3   Thumb Code     0  startup_stm32f10x_md.o(.text)
    SPI2_IRQHandler                          0x080001b3   Thumb Code     0  startup_stm32f10x_md.o(.text)
    TAMPER_IRQHandler                        0x080001b3   Thumb Code     0  startup_stm32f10x_md.o(.text)
    TIM1_BRK_IRQHandler                      0x080001b3   Thumb Code     0  startup_stm32f10x_md.o(.text)
    TIM1_CC_IRQHandler                       0x080001b3   Thumb Code     0  startup_stm32f10x_md.o(.text)
    TIM1_TRG_COM_IRQHandler                  0x080001b3   Thumb Code     0  startup_stm32f10x_md.o(.text)
    TIM1_UP_IRQHandler                       0x080001b3   Thumb Code     0  startup_stm32f10x_md.o(.text)
    TIM2_IRQHandler                          0x080001b3   Thumb Code     0  startup_stm32f10x_md.o(.text)
    TIM3_IRQHandler                          0x080001b3   Thumb Code     0  startup_stm32f10x_md.o(.text)
    TIM4_IRQHandler                          0x080001b3   Thumb Code     0  startup_stm32f10x_md.o(.text)
    USART2_IRQHandler                        0x080001b3   Thumb Code     0  startup_stm32f10x_md.o(.text)
    USBWakeUp_IRQHandler                     0x080001b3   Thumb Code     0  startup_stm32f10x_md.o(.text)
    USB_HP_CAN1_TX_IRQHandler                0x080001b3   Thumb Code     0  startup_stm32f10x_md.o(.text)
    USB_LP_CAN1_RX0_IRQHandler               0x080001b3   Thumb Code     0  startup_stm32f10x_md.o(.text)
    WWDG_IRQHandler                          0x080001b3   Thumb Code     0  startup_stm32f10x_md.o(.text)
    __aeabi_memcpy                           0x080001bd   Thumb Code    36  memcpya.o(.text)
    __aeabi_memcpy4                          0x080001bd   Thumb Code     0  memcpya.o(.text)
    __aeabi_memcpy8                          0x080001bd   Thumb Code     0  memcpya.o(.text)
    __aeabi_fmul                             0x080001e1   Thumb Code   100  fmul.o(.text)
    __aeabi_dadd                             0x08000245   Thumb Code   322  dadd.o(.text)
    __aeabi_dsub                             0x08000387   Thumb Code     6  dadd.o(.text)
    __aeabi_drsub                            0x0800038d   Thumb Code     6  dadd.o(.text)
    __aeabi_dmul                             0x08000393   Thumb Code   228  dmul.o(.text)
    __aeabi_ddiv                             0x08000477   Thumb Code   222  ddiv.o(.text)
    __aeabi_i2f                              0x08000555   Thumb Code    18  fflti.o(.text)
    __aeabi_ui2f                             0x08000567   Thumb Code    10  ffltui.o(.text)
    __aeabi_d2uiz                            0x08000571   Thumb Code    50  dfixui.o(.text)
    __aeabi_f2d                              0x080005a3   Thumb Code    38  f2d.o(.text)
    __aeabi_d2f                              0x080005c9   Thumb Code    56  d2f.o(.text)
    __aeabi_cfcmpeq                          0x08000601   Thumb Code     0  cfcmple.o(.text)
    __aeabi_cfcmple                          0x08000601   Thumb Code    20  cfcmple.o(.text)
    __aeabi_cfrcmple                         0x08000615   Thumb Code    20  cfrcmple.o(.text)
    __aeabi_uidiv                            0x08000629   Thumb Code     0  uidiv.o(.text)
    __aeabi_uidivmod                         0x08000629   Thumb Code    44  uidiv.o(.text)
    __aeabi_uldivmod                         0x08000655   Thumb Code    98  uldiv.o(.text)
    __aeabi_llsl                             0x080006b7   Thumb Code    30  llshl.o(.text)
    _ll_shift_l                              0x080006b7   Thumb Code     0  llshl.o(.text)
    __aeabi_llsr                             0x080006d5   Thumb Code    32  llushr.o(.text)
    _ll_ushift_r                             0x080006d5   Thumb Code     0  llushr.o(.text)
    __aeabi_lasr                             0x080006f5   Thumb Code    36  llsshr.o(.text)
    _ll_sshift_r                             0x080006f5   Thumb Code     0  llsshr.o(.text)
    __I$use$fp                               0x08000719   Thumb Code     0  iusefp.o(.text)
    _float_round                             0x08000719   Thumb Code    18  fepilogue.o(.text)
    _float_epilogue                          0x0800072b   Thumb Code    92  fepilogue.o(.text)
    _double_round                            0x08000787   Thumb Code    30  depilogue.o(.text)
    _double_epilogue                         0x080007a5   Thumb Code   156  depilogue.o(.text)
    __aeabi_d2ulz                            0x08000841   Thumb Code    48  dfixul.o(.text)
    __aeabi_cdrcmple                         0x08000871   Thumb Code    48  cdrcmple.o(.text)
    __scatterload                            0x080008a1   Thumb Code    28  init.o(.text)
    __scatterload_rt2                        0x080008a1   Thumb Code     0  init.o(.text)
    BusFault_Handler                         0x080008c5   Thumb Code     4  stm32f10x_it.o(i.BusFault_Handler)
    Check_level                              0x080008c9   Thumb Code    60  liquid_level.o(i.Check_level)
    Config_init                              0x0800091d   Thumb Code    14  config.o(i.Config_init)
    DC_Motor_Init                            0x08000931   Thumb Code    94  dc_motor.o(i.DC_Motor_Init)
    DcMotorOff                               0x08000a75   Thumb Code    44  dc_motor.o(i.DcMotorOff)
    DcMotorOn                                0x08000aa9   Thumb Code    44  dc_motor.o(i.DcMotorOn)
    DebugMon_Handler                         0x08000add   Thumb Code     2  stm32f10x_it.o(i.DebugMon_Handler)
    EXTI1_IRQHandler                         0x08000ae1   Thumb Code   152  sr04.o(i.EXTI1_IRQHandler)
    EXTI_ClearITPendingBit                   0x08000b95   Thumb Code     6  stm32f10x_exti.o(i.EXTI_ClearITPendingBit)
    EXTI_GetITStatus                         0x08000ba1   Thumb Code    34  stm32f10x_exti.o(i.EXTI_GetITStatus)
    EXTI_Init                                0x08000bc9   Thumb Code   142  stm32f10x_exti.o(i.EXTI_Init)
    GPIO_EXTILineConfig                      0x08000c5d   Thumb Code    60  stm32f10x_gpio.o(i.GPIO_EXTILineConfig)
    GPIO_Init                                0x08000c9d   Thumb Code   278  stm32f10x_gpio.o(i.GPIO_Init)
    GPIO_ResetBits                           0x08000db3   Thumb Code     4  stm32f10x_gpio.o(i.GPIO_ResetBits)
    GPIO_SetBits                             0x08000db7   Thumb Code     4  stm32f10x_gpio.o(i.GPIO_SetBits)
    HardFault_Handler                        0x08000dbb   Thumb Code     4  stm32f10x_it.o(i.HardFault_Handler)
    Infrared_Init                            0x08000dc1   Thumb Code    34  infrared.o(i.Infrared_Init)
    KEY_Init                                 0x08000de9   Thumb Code    56  key.o(i.KEY_Init)
    LED_Init                                 0x08000e25   Thumb Code   116  led.o(i.LED_Init)
    MemManage_Handler                        0x08000ea1   Thumb Code     4  stm32f10x_it.o(i.MemManage_Handler)
    MyEventGroup_Init                        0x08000ea5   Thumb Code    24  my_event.o(i.MyEventGroup_Init)
    MyQueue_Init                             0x08000ed1   Thumb Code    18  my_queue.o(i.MyQueue_Init)
    My_Check_Event                           0x08000ee9   Thumb Code    68  my_event.o(i.My_Check_Event)
    My_Clear_Event                           0x08000f31   Thumb Code    22  my_event.o(i.My_Clear_Event)
    My_Printf_Event_Status                   0x08000f4d   Thumb Code     2  my_event.o(i.My_Printf_Event_Status)
    My_Set_Event                             0x08000f51   Thumb Code    22  my_event.o(i.My_Set_Event)
    NMI_Handler                              0x08000f6d   Thumb Code     2  stm32f10x_it.o(i.NMI_Handler)
    NVIC_Init                                0x08000f71   Thumb Code   100  misc.o(i.NVIC_Init)
    NVIC_PriorityGroupConfig                 0x08000fe1   Thumb Code    10  misc.o(i.NVIC_PriorityGroupConfig)
    RCC_APB1PeriphClockCmd                   0x08000ff5   Thumb Code    26  stm32f10x_rcc.o(i.RCC_APB1PeriphClockCmd)
    RCC_APB2PeriphClockCmd                   0x08001015   Thumb Code    26  stm32f10x_rcc.o(i.RCC_APB2PeriphClockCmd)
    RCC_GetClocksFreq                        0x08001035   Thumb Code   192  stm32f10x_rcc.o(i.RCC_GetClocksFreq)
    SG90Run                                  0x08001109   Thumb Code    78  sg90.o(i.SG90Run)
    SG90_Init                                0x08001171   Thumb Code   168  sg90.o(i.SG90_Init)
    SG90_SetAngle                            0x0800126d   Thumb Code    98  sg90.o(i.SG90_SetAngle)
    Screen_Init                              0x080013dd   Thumb Code    18  screen.o(i.Screen_Init)
    SysTick_CLKSourceConfig                  0x08001561   Thumb Code    40  misc.o(i.SysTick_CLKSourceConfig)
    SysTick_Handler                          0x08001589   Thumb Code    16  stm32f10x_it.o(i.SysTick_Handler)
    SysTick_Init                             0x08001599   Thumb Code    76  systick.o(i.SysTick_Init)
    SystemInit                               0x080015f5   Thumb Code    78  system_stm32f10x.o(i.SystemInit)
    TIM3_Init                                0x08001655   Thumb Code    50  sr04.o(i.TIM3_Init)
    TIM_Cmd                                  0x0800168d   Thumb Code    24  stm32f10x_tim.o(i.TIM_Cmd)
    TIM_CtrlPWMOutputs                       0x080016a5   Thumb Code    30  stm32f10x_tim.o(i.TIM_CtrlPWMOutputs)
    TIM_GetCounter                           0x080016c3   Thumb Code     6  stm32f10x_tim.o(i.TIM_GetCounter)
    TIM_OC4Init                              0x080016c9   Thumb Code   114  stm32f10x_tim.o(i.TIM_OC4Init)
    TIM_SetCompare4                          0x08001745   Thumb Code     6  stm32f10x_tim.o(i.TIM_SetCompare4)
    TIM_SetCounter                           0x0800174b   Thumb Code     4  stm32f10x_tim.o(i.TIM_SetCounter)
    TIM_TimeBaseInit                         0x08001751   Thumb Code   122  stm32f10x_tim.o(i.TIM_TimeBaseInit)
    USART1_IRQHandler                        0x080017f5   Thumb Code   364  usart.o(i.USART1_IRQHandler)
    USART1_Init                              0x0800196d   Thumb Code   168  usart.o(i.USART1_Init)
    USART3_IRQHandler                        0x08001a1d   Thumb Code    86  usart3.o(i.USART3_IRQHandler)
    USART3_Init                              0x08001a81   Thumb Code   188  usart3.o(i.USART3_Init)
    USART3_SendString                        0x08001b61   Thumb Code   100  usart3.o(i.USART3_SendString)
    USART_ClearFlag                          0x08001bdd   Thumb Code    18  stm32f10x_usart.o(i.USART_ClearFlag)
    USART_ClearITPendingBit                  0x08001bef   Thumb Code    30  stm32f10x_usart.o(i.USART_ClearITPendingBit)
    USART_Cmd                                0x08001c0d   Thumb Code    24  stm32f10x_usart.o(i.USART_Cmd)
    USART_GetFlagStatus                      0x08001c25   Thumb Code    26  stm32f10x_usart.o(i.USART_GetFlagStatus)
    USART_GetITStatus                        0x08001c3f   Thumb Code    84  stm32f10x_usart.o(i.USART_GetITStatus)
    USART_ITConfig                           0x08001c93   Thumb Code    74  stm32f10x_usart.o(i.USART_ITConfig)
    USART_Init                               0x08001cdd   Thumb Code   210  stm32f10x_usart.o(i.USART_Init)
    USART_ReceiveData                        0x08001db5   Thumb Code    10  stm32f10x_usart.o(i.USART_ReceiveData)
    USART_SendData                           0x08001dbf   Thumb Code     8  stm32f10x_usart.o(i.USART_SendData)
    UsageFault_Handler                       0x08001e1d   Thumb Code     4  stm32f10x_it.o(i.UsageFault_Handler)
    __0printf$3                              0x08001e21   Thumb Code    22  printf3.o(i.__0printf$3)
    __1printf$3                              0x08001e21   Thumb Code     0  printf3.o(i.__0printf$3)
    __2printf                                0x08001e21   Thumb Code     0  printf3.o(i.__0printf$3)
    __0vsnprintf                             0x08001e41   Thumb Code    40  printfa.o(i.__0vsnprintf)
    __1vsnprintf                             0x08001e41   Thumb Code     0  printfa.o(i.__0vsnprintf)
    __2vsnprintf                             0x08001e41   Thumb Code     0  printfa.o(i.__0vsnprintf)
    __c89vsnprintf                           0x08001e41   Thumb Code     0  printfa.o(i.__0vsnprintf)
    vsnprintf                                0x08001e41   Thumb Code     0  printfa.o(i.__0vsnprintf)
    __scatterload_copy                       0x08001e6d   Thumb Code    14  handlers.o(i.__scatterload_copy)
    __scatterload_null                       0x08001e7b   Thumb Code     2  handlers.o(i.__scatterload_null)
    __scatterload_zeroinit                   0x08001e7d   Thumb Code    14  handlers.o(i.__scatterload_zeroinit)
    create_task                              0x0800290d   Thumb Code    28  my_task.o(i.create_task)
    dc_motor_task                            0x0800293d   Thumb Code   186  dc_motor.o(i.dc_motor_task)
    debug_SR04                               0x08002a1d   Thumb Code     2  config.o(i.debug_SR04)
    debug_printf_level                       0x08002a1f   Thumb Code     2  config.o(i.debug_printf_level)
    debug_sg90                               0x08002a21   Thumb Code    26  config.o(i.debug_sg90)
    fputc                                    0x08002aad   Thumb Code    32  usart.o(i.fputc)
    infrared_task                            0x08002ad1   Thumb Code    22  infrared.o(i.infrared_task)
    key_task                                 0x08002ae9   Thumb Code    52  key.o(i.key_task)
    led1_task                                0x08002b21   Thumb Code    32  my_task.o(i.led1_task)
    liquid_level_Init                        0x08002b49   Thumb Code    32  liquid_level.o(i.liquid_level_Init)
    liquid_level_task                        0x08002b6d   Thumb Code   138  liquid_level.o(i.liquid_level_task)
    main                                     0x08002c75   Thumb Code   116  main.o(i.main)
    printfEventGroupBinary                   0x08002cf1   Thumb Code    96  my_event.o(i.printfEventGroupBinary)
    printf_to_pinmu                          0x08002d59   Thumb Code    26  config.o(i.printf_to_pinmu)
    putc                                     0x080033c1   Thumb Code     4  putc.o(i.putc)
    pvPortMalloc                             0x080033c5   Thumb Code   262  heap_4.o(i.pvPortMalloc)
    pvTaskIncrementMutexHeldCount            0x08003509   Thumb Code    26  tasks.o(i.pvTaskIncrementMutexHeldCount)
    pxPortInitialiseStack                    0x08003529   Thumb Code    30  port.o(i.pxPortInitialiseStack)
    screen_task                              0x0800354d   Thumb Code    38  screen.o(i.screen_task)
    sr04_init                                0x08003579   Thumb Code   168  sr04.o(i.sr04_init)
    sr04_task                                0x08003671   Thumb Code    72  sr04.o(i.sr04_task)
    start_task                               0x080036e1   Thumb Code   182  my_task.o(i.start_task)
    uxListRemove                             0x08003849   Thumb Code    40  list.o(i.uxListRemove)
    uxTaskResetEventItemValue                0x08003871   Thumb Code    24  tasks.o(i.uxTaskResetEventItemValue)
    vListInitialise                          0x0800388d   Thumb Code    26  list.o(i.vListInitialise)
    vListInitialiseItem                      0x080038a7   Thumb Code     6  list.o(i.vListInitialiseItem)
    vListInsert                              0x080038ad   Thumb Code    52  list.o(i.vListInsert)
    vListInsertEnd                           0x080038e1   Thumb Code    24  list.o(i.vListInsertEnd)
    vPortEnterCritical                       0x080038f9   Thumb Code    68  port.o(i.vPortEnterCritical)
    vPortExitCritical                        0x0800396d   Thumb Code    48  port.o(i.vPortExitCritical)
    vPortFree                                0x080039c9   Thumb Code   120  heap_4.o(i.vPortFree)
    vPortSetupTimerInterrupt                 0x08003a71   Thumb Code    14  port.o(i.vPortSetupTimerInterrupt)
    vPortValidateInterruptPriority           0x08003a85   Thumb Code    86  port.o(i.vPortValidateInterruptPriority)
    vSG90ControlTask                         0x08003b11   Thumb Code   110  sg90.o(i.vSG90ControlTask)
    vTaskDelay                               0x08003ba9   Thumb Code    72  tasks.o(i.vTaskDelay)
    vTaskDelete                              0x08003c21   Thumb Code   192  tasks.o(i.vTaskDelete)
    vTaskMissedYield                         0x08003d31   Thumb Code     8  tasks.o(i.vTaskMissedYield)
    vTaskPlaceOnEventList                    0x08003d3d   Thumb Code    42  tasks.o(i.vTaskPlaceOnEventList)
    vTaskPlaceOnUnorderedEventList           0x08003d95   Thumb Code    80  tasks.o(i.vTaskPlaceOnUnorderedEventList)
    vTaskPriorityInherit                     0x08003e15   Thumb Code   164  tasks.o(i.vTaskPriorityInherit)
    vTaskSetTimeOutState                     0x08003ec5   Thumb Code    32  tasks.o(i.vTaskSetTimeOutState)
    vTaskStartScheduler                      0x08003f15   Thumb Code    98  tasks.o(i.vTaskStartScheduler)
    vTaskSuspendAll                          0x08003fbd   Thumb Code    12  tasks.o(i.vTaskSuspendAll)
    vTaskSwitchContext                       0x08003fcd   Thumb Code   110  tasks.o(i.vTaskSwitchContext)
    xEventGroupClearBits                     0x08004079   Thumb Code    72  event_groups.o(i.xEventGroupClearBits)
    xEventGroupCreate                        0x080040ed   Thumb Code    26  event_groups.o(i.xEventGroupCreate)
    xEventGroupSetBits                       0x08004109   Thumb Code   186  event_groups.o(i.xEventGroupSetBits)
    xEventGroupWaitBits                      0x080041f1   Thumb Code   294  event_groups.o(i.xEventGroupWaitBits)
    xMyQueueReceiveData                      0x08004349   Thumb Code    44  my_queue.o(i.xMyQueueReceiveData)
    xPortStartScheduler                      0x08004379   Thumb Code   140  port.o(i.xPortStartScheduler)
    xPortSysTickHandler                      0x08004419   Thumb Code    46  port.o(i.xPortSysTickHandler)
    xQueueCreateMutex                        0x0800444d   Thumb Code    34  queue.o(i.xQueueCreateMutex)
    xQueueGenericCreate                      0x08004471   Thumb Code    78  queue.o(i.xQueueGenericCreate)
    xQueueGenericReceive                     0x080044e9   Thumb Code   416  queue.o(i.xQueueGenericReceive)
    xQueueGenericReset                       0x080046b5   Thumb Code   136  queue.o(i.xQueueGenericReset)
    xQueueGenericSend                        0x08004769   Thumb Code   380  queue.o(i.xQueueGenericSend)
    xQueueGenericSendFromISR                 0x08004911   Thumb Code   218  queue.o(i.xQueueGenericSendFromISR)
    xTaskCheckForTimeOut                     0x08004a15   Thumb Code   116  tasks.o(i.xTaskCheckForTimeOut)
    xTaskCreate                              0x08004ab9   Thumb Code    96  tasks.o(i.xTaskCreate)
    xTaskGetSchedulerState                   0x08004b19   Thumb Code    24  tasks.o(i.xTaskGetSchedulerState)
    xTaskIncrementTick                       0x08004b39   Thumb Code   272  tasks.o(i.xTaskIncrementTick)
    xTaskPriorityDisinherit                  0x08004c9d   Thumb Code   168  tasks.o(i.xTaskPriorityDisinherit)
    xTaskRemoveFromEventList                 0x08004d79   Thumb Code   118  tasks.o(i.xTaskRemoveFromEventList)
    xTaskRemoveFromUnorderedEventList        0x08004e31   Thumb Code   134  tasks.o(i.xTaskRemoveFromUnorderedEventList)
    xTaskResumeAll                           0x08004ef5   Thumb Code   214  tasks.o(i.xTaskResumeAll)
    Region$$Table$$Base                      0x08005018   Number         0  anon$$obj.o(Region$$Table)
    Region$$Table$$Limit                     0x08005038   Number         0  anon$$obj.o(Region$$Table)
    pxCurrentTCB                             0x20000000   Data           4  tasks.o(.data)
    SystemCoreClock                          0x20000074   Data           4  system_stm32f10x.o(.data)
    AHBPrescTable                            0x20000078   Data          16  system_stm32f10x.o(.data)
    xDcMotorQueue                            0x20000090   Data           4  dc_motor.o(.data)
    xScreenCmdQueue                          0x20000094   Data           4  screen.o(.data)
    StartTask_Handler                        0x20000098   Data           4  my_task.o(.data)
    LED1Task_Handler                         0x2000009c   Data           4  my_task.o(.data)
    KEYTask_Handler                          0x200000a0   Data           4  my_task.o(.data)
    SCREENTask_Handler                       0x200000a4   Data           4  my_task.o(.data)
    DC_MOTORTask_Handler                     0x200000a8   Data           4  my_task.o(.data)
    SG90Task_Handler                         0x200000ac   Data           4  my_task.o(.data)
    SR04Task_Handler                         0x200000b0   Data           4  my_task.o(.data)
    INFRATEDTask_Handler                     0x200000b4   Data           4  my_task.o(.data)
    LIQUID_LEVELTask_Handler                 0x200000b8   Data           4  my_task.o(.data)
    cnt                                      0x200000bc   Data           1  my_task.o(.data)
    TIM3_cnt                                 0x200000c0   Data           2  sr04.o(.data)
    xSG04Queue                               0x200000c4   Data           4  sr04.o(.data)
    MyQueue                                  0x200000c8   Data           4  my_queue.o(.data)
    MyEventGroup                             0x200000cc   Data           4  my_event.o(.data)
    xAngleQueue                              0x200000d4   Data           4  sg90.o(.data)
    __stdout                                 0x200000e0   Data           4  stdout.o(.data)
    __initial_sp                             0x20005000   Data           0  startup_stm32f10x_md.o(STACK)



==============================================================================

Memory Map of the image

  Image Entry point : 0x080000ed

  Load Region LR_IROM1 (Base: 0x08000000, Size: 0x0000511c, Max: 0x00010000, ABSOLUTE)

    Execution Region ER_IROM1 (Exec base: 0x08000000, Load base: 0x08000000, Size: 0x00005038, Max: 0x00010000, ABSOLUTE)

    Exec Addr    Load Addr    Size         Type   Attr      Idx    E Section Name        Object

    0x08000000   0x08000000   0x000000ec   Data   RO          304    RESET               startup_stm32f10x_md.o
    0x080000ec   0x080000ec   0x00000000   Code   RO         3136  * .ARM.Collect$$$$00000000  mc_w.l(entry.o)
    0x080000ec   0x080000ec   0x00000004   Code   RO         3460    .ARM.Collect$$$$00000001  mc_w.l(entry2.o)
    0x080000f0   0x080000f0   0x00000004   Code   RO         3463    .ARM.Collect$$$$00000004  mc_w.l(entry5.o)
    0x080000f4   0x080000f4   0x00000000   Code   RO         3465    .ARM.Collect$$$$00000008  mc_w.l(entry7b.o)
    0x080000f4   0x080000f4   0x00000000   Code   RO         3467    .ARM.Collect$$$$0000000A  mc_w.l(entry8b.o)
    0x080000f4   0x080000f4   0x00000008   Code   RO         3468    .ARM.Collect$$$$0000000B  mc_w.l(entry9a.o)
    0x080000fc   0x080000fc   0x00000000   Code   RO         3470    .ARM.Collect$$$$0000000D  mc_w.l(entry10a.o)
    0x080000fc   0x080000fc   0x00000000   Code   RO         3472    .ARM.Collect$$$$0000000F  mc_w.l(entry11a.o)
    0x080000fc   0x080000fc   0x00000004   Code   RO         3461    .ARM.Collect$$$$00002712  mc_w.l(entry2.o)
    0x08000100   0x08000100   0x00000096   Code   RO          972    .emb_text           port.o
    0x08000196   0x08000196   0x00000002   PAD
    0x08000198   0x08000198   0x00000024   Code   RO          305    .text               startup_stm32f10x_md.o
    0x080001bc   0x080001bc   0x00000024   Code   RO         3142    .text               mc_w.l(memcpya.o)
    0x080001e0   0x080001e0   0x00000064   Code   RO         3407    .text               mf_w.l(fmul.o)
    0x08000244   0x08000244   0x0000014e   Code   RO         3411    .text               mf_w.l(dadd.o)
    0x08000392   0x08000392   0x000000e4   Code   RO         3413    .text               mf_w.l(dmul.o)
    0x08000476   0x08000476   0x000000de   Code   RO         3415    .text               mf_w.l(ddiv.o)
    0x08000554   0x08000554   0x00000012   Code   RO         3417    .text               mf_w.l(fflti.o)
    0x08000566   0x08000566   0x0000000a   Code   RO         3419    .text               mf_w.l(ffltui.o)
    0x08000570   0x08000570   0x00000032   Code   RO         3421    .text               mf_w.l(dfixui.o)
    0x080005a2   0x080005a2   0x00000026   Code   RO         3423    .text               mf_w.l(f2d.o)
    0x080005c8   0x080005c8   0x00000038   Code   RO         3427    .text               mf_w.l(d2f.o)
    0x08000600   0x08000600   0x00000014   Code   RO         3429    .text               mf_w.l(cfcmple.o)
    0x08000614   0x08000614   0x00000014   Code   RO         3431    .text               mf_w.l(cfrcmple.o)
    0x08000628   0x08000628   0x0000002c   Code   RO         3474    .text               mc_w.l(uidiv.o)
    0x08000654   0x08000654   0x00000062   Code   RO         3476    .text               mc_w.l(uldiv.o)
    0x080006b6   0x080006b6   0x0000001e   Code   RO         3478    .text               mc_w.l(llshl.o)
    0x080006d4   0x080006d4   0x00000020   Code   RO         3480    .text               mc_w.l(llushr.o)
    0x080006f4   0x080006f4   0x00000024   Code   RO         3482    .text               mc_w.l(llsshr.o)
    0x08000718   0x08000718   0x00000000   Code   RO         3491    .text               mc_w.l(iusefp.o)
    0x08000718   0x08000718   0x0000006e   Code   RO         3492    .text               mf_w.l(fepilogue.o)
    0x08000786   0x08000786   0x000000ba   Code   RO         3494    .text               mf_w.l(depilogue.o)
    0x08000840   0x08000840   0x00000030   Code   RO         3500    .text               mf_w.l(dfixul.o)
    0x08000870   0x08000870   0x00000030   Code   RO         3502    .text               mf_w.l(cdrcmple.o)
    0x080008a0   0x080008a0   0x00000024   Code   RO         3504    .text               mc_w.l(init.o)
    0x080008c4   0x080008c4   0x00000004   Code   RO          212    i.BusFault_Handler  stm32f10x_it.o
    0x080008c8   0x080008c8   0x00000054   Code   RO         2774    i.Check_level       liquid_level.o
    0x0800091c   0x0800091c   0x00000014   Code   RO         2879    i.Config_init       config.o
    0x08000930   0x08000930   0x000000bc   Code   RO         2605    i.DC_Motor_Init     dc_motor.o
    0x080009ec   0x080009ec   0x00000088   Code   RO         2606    i.DcMotorCheckEventFlag  dc_motor.o
    0x08000a74   0x08000a74   0x00000034   Code   RO         2607    i.DcMotorOff        dc_motor.o
    0x08000aa8   0x08000aa8   0x00000034   Code   RO         2608    i.DcMotorOn         dc_motor.o
    0x08000adc   0x08000adc   0x00000002   Code   RO          213    i.DebugMon_Handler  stm32f10x_it.o
    0x08000ade   0x08000ade   0x00000002   PAD
    0x08000ae0   0x08000ae0   0x000000b4   Code   RO         2738    i.EXTI1_IRQHandler  sr04.o
    0x08000b94   0x08000b94   0x0000000c   Code   RO         1400    i.EXTI_ClearITPendingBit  stm32f10x_exti.o
    0x08000ba0   0x08000ba0   0x00000028   Code   RO         1404    i.EXTI_GetITStatus  stm32f10x_exti.o
    0x08000bc8   0x08000bc8   0x00000094   Code   RO         1405    i.EXTI_Init         stm32f10x_exti.o
    0x08000c5c   0x08000c5c   0x00000040   Code   RO         1052    i.GPIO_EXTILineConfig  stm32f10x_gpio.o
    0x08000c9c   0x08000c9c   0x00000116   Code   RO         1055    i.GPIO_Init         stm32f10x_gpio.o
    0x08000db2   0x08000db2   0x00000004   Code   RO         1062    i.GPIO_ResetBits    stm32f10x_gpio.o
    0x08000db6   0x08000db6   0x00000004   Code   RO         1063    i.GPIO_SetBits      stm32f10x_gpio.o
    0x08000dba   0x08000dba   0x00000004   Code   RO          214    i.HardFault_Handler  stm32f10x_it.o
    0x08000dbe   0x08000dbe   0x00000002   PAD
    0x08000dc0   0x08000dc0   0x00000028   Code   RO         2717    i.Infrared_Init     infrared.o
    0x08000de8   0x08000de8   0x0000003c   Code   RO         2584    i.KEY_Init          key.o
    0x08000e24   0x08000e24   0x0000007c   Code   RO         2519    i.LED_Init          led.o
    0x08000ea0   0x08000ea0   0x00000004   Code   RO          215    i.MemManage_Handler  stm32f10x_it.o
    0x08000ea4   0x08000ea4   0x0000002c   Code   RO         2831    i.MyEventGroup_Init  my_event.o
    0x08000ed0   0x08000ed0   0x00000018   Code   RO         2801    i.MyQueue_Init      my_queue.o
    0x08000ee8   0x08000ee8   0x00000048   Code   RO         2832    i.My_Check_Event    my_event.o
    0x08000f30   0x08000f30   0x0000001c   Code   RO         2833    i.My_Clear_Event    my_event.o
    0x08000f4c   0x08000f4c   0x00000002   Code   RO         2834    i.My_Printf_Event_Status  my_event.o
    0x08000f4e   0x08000f4e   0x00000002   PAD
    0x08000f50   0x08000f50   0x0000001c   Code   RO         2835    i.My_Set_Event      my_event.o
    0x08000f6c   0x08000f6c   0x00000002   Code   RO          216    i.NMI_Handler       stm32f10x_it.o
    0x08000f6e   0x08000f6e   0x00000002   PAD
    0x08000f70   0x08000f70   0x00000070   Code   RO         1363    i.NVIC_Init         misc.o
    0x08000fe0   0x08000fe0   0x00000014   Code   RO         1364    i.NVIC_PriorityGroupConfig  misc.o
    0x08000ff4   0x08000ff4   0x00000020   Code   RO         1165    i.RCC_APB1PeriphClockCmd  stm32f10x_rcc.o
    0x08001014   0x08001014   0x00000020   Code   RO         1167    i.RCC_APB2PeriphClockCmd  stm32f10x_rcc.o
    0x08001034   0x08001034   0x000000d4   Code   RO         1175    i.RCC_GetClocksFreq  stm32f10x_rcc.o
    0x08001108   0x08001108   0x00000068   Code   RO         2998    i.SG90Run           sg90.o
    0x08001170   0x08001170   0x000000fc   Code   RO         2999    i.SG90_Init         sg90.o
    0x0800126c   0x0800126c   0x00000078   Code   RO         3000    i.SG90_SetAngle     sg90.o
    0x080012e4   0x080012e4   0x000000f8   Code   RO         2647    i.Screen_Cmd_Switch  screen.o
    0x080013dc   0x080013dc   0x00000018   Code   RO         2648    i.Screen_Init       screen.o
    0x080013f4   0x080013f4   0x00000084   Code   RO         2649    i.SendAngleToDisplay  screen.o
    0x08001478   0x08001478   0x00000008   Code   RO         2475    i.SetSysClock       system_stm32f10x.o
    0x08001480   0x08001480   0x000000e0   Code   RO         2476    i.SetSysClockTo72   system_stm32f10x.o
    0x08001560   0x08001560   0x00000028   Code   RO         1367    i.SysTick_CLKSourceConfig  misc.o
    0x08001588   0x08001588   0x00000010   Code   RO          217    i.SysTick_Handler   stm32f10x_it.o
    0x08001598   0x08001598   0x0000005c   Code   RO         3091    i.SysTick_Init      systick.o
    0x080015f4   0x080015f4   0x00000060   Code   RO         2478    i.SystemInit        system_stm32f10x.o
    0x08001654   0x08001654   0x00000038   Code   RO         2739    i.TIM3_Init         sr04.o
    0x0800168c   0x0800168c   0x00000018   Code   RO         1469    i.TIM_Cmd           stm32f10x_tim.o
    0x080016a4   0x080016a4   0x0000001e   Code   RO         1471    i.TIM_CtrlPWMOutputs  stm32f10x_tim.o
    0x080016c2   0x080016c2   0x00000006   Code   RO         1488    i.TIM_GetCounter    stm32f10x_tim.o
    0x080016c8   0x080016c8   0x0000007c   Code   RO         1513    i.TIM_OC4Init       stm32f10x_tim.o
    0x08001744   0x08001744   0x00000006   Code   RO         1533    i.TIM_SetCompare4   stm32f10x_tim.o
    0x0800174a   0x0800174a   0x00000004   Code   RO         1534    i.TIM_SetCounter    stm32f10x_tim.o
    0x0800174e   0x0800174e   0x00000002   PAD
    0x08001750   0x08001750   0x000000a4   Code   RO         1540    i.TIM_TimeBaseInit  stm32f10x_tim.o
    0x080017f4   0x080017f4   0x00000178   Code   RO         2534    i.USART1_IRQHandler  usart.o
    0x0800196c   0x0800196c   0x000000b0   Code   RO         2535    i.USART1_Init       usart.o
    0x08001a1c   0x08001a1c   0x00000064   Code   RO         3034    i.USART3_IRQHandler  usart3.o
    0x08001a80   0x08001a80   0x000000e0   Code   RO         3035    i.USART3_Init       usart3.o
    0x08001b60   0x08001b60   0x0000007c   Code   RO         3038    i.USART3_SendString  usart3.o
    0x08001bdc   0x08001bdc   0x00000012   Code   RO         2001    i.USART_ClearFlag   stm32f10x_usart.o
    0x08001bee   0x08001bee   0x0000001e   Code   RO         2002    i.USART_ClearITPendingBit  stm32f10x_usart.o
    0x08001c0c   0x08001c0c   0x00000018   Code   RO         2005    i.USART_Cmd         stm32f10x_usart.o
    0x08001c24   0x08001c24   0x0000001a   Code   RO         2008    i.USART_GetFlagStatus  stm32f10x_usart.o
    0x08001c3e   0x08001c3e   0x00000054   Code   RO         2009    i.USART_GetITStatus  stm32f10x_usart.o
    0x08001c92   0x08001c92   0x0000004a   Code   RO         2011    i.USART_ITConfig    stm32f10x_usart.o
    0x08001cdc   0x08001cdc   0x000000d8   Code   RO         2012    i.USART_Init        stm32f10x_usart.o
    0x08001db4   0x08001db4   0x0000000a   Code   RO         2019    i.USART_ReceiveData  stm32f10x_usart.o
    0x08001dbe   0x08001dbe   0x00000008   Code   RO         2022    i.USART_SendData    stm32f10x_usart.o
    0x08001dc6   0x08001dc6   0x00000002   PAD
    0x08001dc8   0x08001dc8   0x00000054   Code   RO         2650    i.UpdateSG90Angle   screen.o
    0x08001e1c   0x08001e1c   0x00000004   Code   RO          218    i.UsageFault_Handler  stm32f10x_it.o
    0x08001e20   0x08001e20   0x00000020   Code   RO         3235    i.__0printf$3       mc_w.l(printf3.o)
    0x08001e40   0x08001e40   0x0000002c   Code   RO         3384    i.__0vsnprintf      mc_w.l(printfa.o)
    0x08001e6c   0x08001e6c   0x0000000e   Code   RO         3510    i.__scatterload_copy  mc_w.l(handlers.o)
    0x08001e7a   0x08001e7a   0x00000002   Code   RO         3511    i.__scatterload_null  mc_w.l(handlers.o)
    0x08001e7c   0x08001e7c   0x0000000e   Code   RO         3512    i.__scatterload_zeroinit  mc_w.l(handlers.o)
    0x08001e8a   0x08001e8a   0x00000002   PAD
    0x08001e8c   0x08001e8c   0x00000184   Code   RO         3386    i._fp_digits        mc_w.l(printfa.o)
    0x08002010   0x08002010   0x000001b8   Code   RO         3242    i._printf_core      mc_w.l(printf3.o)
    0x080021c8   0x080021c8   0x000006dc   Code   RO         3387    i._printf_core      mc_w.l(printfa.o)
    0x080028a4   0x080028a4   0x00000024   Code   RO         3388    i._printf_post_padding  mc_w.l(printfa.o)
    0x080028c8   0x080028c8   0x0000002e   Code   RO         3389    i._printf_pre_padding  mc_w.l(printfa.o)
    0x080028f6   0x080028f6   0x00000016   Code   RO         3390    i._snputc           mc_w.l(printfa.o)
    0x0800290c   0x0800290c   0x00000030   Code   RO         2687    i.create_task       my_task.o
    0x0800293c   0x0800293c   0x000000e0   Code   RO         2609    i.dc_motor_task     dc_motor.o
    0x08002a1c   0x08002a1c   0x00000002   Code   RO         2881    i.debug_SR04        config.o
    0x08002a1e   0x08002a1e   0x00000002   Code   RO         2883    i.debug_printf_level  config.o
    0x08002a20   0x08002a20   0x0000001a   Code   RO         2884    i.debug_sg90        config.o
    0x08002a3a   0x08002a3a   0x00000002   PAD
    0x08002a3c   0x08002a3c   0x00000070   Code   RO         2885    i.debug_vprintf     config.o
    0x08002aac   0x08002aac   0x00000024   Code   RO         2536    i.fputc             usart.o
    0x08002ad0   0x08002ad0   0x00000016   Code   RO         2718    i.infrared_task     infrared.o
    0x08002ae6   0x08002ae6   0x00000002   PAD
    0x08002ae8   0x08002ae8   0x00000038   Code   RO         2585    i.key_task          key.o
    0x08002b20   0x08002b20   0x00000028   Code   RO         2688    i.led1_task         my_task.o
    0x08002b48   0x08002b48   0x00000024   Code   RO         2775    i.liquid_level_Init  liquid_level.o
    0x08002b6c   0x08002b6c   0x00000108   Code   RO         2776    i.liquid_level_task  liquid_level.o
    0x08002c74   0x08002c74   0x0000007c   Code   RO            1    i.main              main.o
    0x08002cf0   0x08002cf0   0x00000068   Code   RO         2836    i.printfEventGroupBinary  my_event.o
    0x08002d58   0x08002d58   0x0000001a   Code   RO         2887    i.printf_to_pinmu   config.o
    0x08002d72   0x08002d72   0x00000002   PAD
    0x08002d74   0x08002d74   0x00000098   Code   RO          609    i.prvAddCurrentTaskToDelayedList  tasks.o
    0x08002e0c   0x08002e0c   0x000000b4   Code   RO          610    i.prvAddNewTaskToReadyList  tasks.o
    0x08002ec0   0x08002ec0   0x00000064   Code   RO          611    i.prvCheckTasksWaitingTermination  tasks.o
    0x08002f24   0x08002f24   0x0000002a   Code   RO          453    i.prvCopyDataFromQueue  queue.o
    0x08002f4e   0x08002f4e   0x0000007c   Code   RO          454    i.prvCopyDataToQueue  queue.o
    0x08002fca   0x08002fca   0x00000012   Code   RO          612    i.prvDeleteTCB      tasks.o
    0x08002fdc   0x08002fdc   0x0000007c   Code   RO          923    i.prvHeapInit       heap_4.o
    0x08003058   0x08003058   0x00000028   Code   RO          613    i.prvIdleTask       tasks.o
    0x08003080   0x08003080   0x0000001c   Code   RO          455    i.prvInitialiseMutex  queue.o
    0x0800309c   0x0800309c   0x00000026   Code   RO          456    i.prvInitialiseNewQueue  queue.o
    0x080030c2   0x080030c2   0x00000002   PAD
    0x080030c4   0x080030c4   0x000000c8   Code   RO          614    i.prvInitialiseNewTask  tasks.o
    0x0800318c   0x0800318c   0x00000068   Code   RO          615    i.prvInitialiseTaskLists  tasks.o
    0x080031f4   0x080031f4   0x00000068   Code   RO          924    i.prvInsertBlockIntoFreeList  heap_4.o
    0x0800325c   0x0800325c   0x0000001a   Code   RO          457    i.prvIsQueueEmpty   queue.o
    0x08003276   0x08003276   0x0000001e   Code   RO          458    i.prvIsQueueFull    queue.o
    0x08003294   0x08003294   0x00000034   Code   RO          616    i.prvResetNextTaskUnblockTime  tasks.o
    0x080032c8   0x080032c8   0x0000005c   Code   RO          973    i.prvTaskExitError  port.o
    0x08003324   0x08003324   0x0000001e   Code   RO          323    i.prvTestWaitCondition  event_groups.o
    0x08003342   0x08003342   0x0000007e   Code   RO          459    i.prvUnlockQueue    queue.o
    0x080033c0   0x080033c0   0x00000004   Code   RO         3139    i.putc              mc_w.l(putc.o)
    0x080033c4   0x080033c4   0x00000144   Code   RO          925    i.pvPortMalloc      heap_4.o
    0x08003508   0x08003508   0x00000020   Code   RO          618    i.pvTaskIncrementMutexHeldCount  tasks.o
    0x08003528   0x08003528   0x00000024   Code   RO          974    i.pxPortInitialiseStack  port.o
    0x0800354c   0x0800354c   0x0000002c   Code   RO         2651    i.screen_task       screen.o
    0x08003578   0x08003578   0x000000f8   Code   RO         2740    i.sr04_init         sr04.o
    0x08003670   0x08003670   0x00000070   Code   RO         2741    i.sr04_task         sr04.o
    0x080036e0   0x080036e0   0x00000168   Code   RO         2689    i.start_task        my_task.o
    0x08003848   0x08003848   0x00000028   Code   RO          416    i.uxListRemove      list.o
    0x08003870   0x08003870   0x0000001c   Code   RO          623    i.uxTaskResetEventItemValue  tasks.o
    0x0800388c   0x0800388c   0x0000001a   Code   RO          417    i.vListInitialise   list.o
    0x080038a6   0x080038a6   0x00000006   Code   RO          418    i.vListInitialiseItem  list.o
    0x080038ac   0x080038ac   0x00000034   Code   RO          419    i.vListInsert       list.o
    0x080038e0   0x080038e0   0x00000018   Code   RO          420    i.vListInsertEnd    list.o
    0x080038f8   0x080038f8   0x00000074   Code   RO          976    i.vPortEnterCritical  port.o
    0x0800396c   0x0800396c   0x0000005c   Code   RO          977    i.vPortExitCritical  port.o
    0x080039c8   0x080039c8   0x000000a8   Code   RO          926    i.vPortFree         heap_4.o
    0x08003a70   0x08003a70   0x00000014   Code   RO          978    i.vPortSetupTimerInterrupt  port.o
    0x08003a84   0x08003a84   0x0000008c   Code   RO          979    i.vPortValidateInterruptPriority  port.o
    0x08003b10   0x08003b10   0x00000098   Code   RO         3001    i.vSG90ControlTask  sg90.o
    0x08003ba8   0x08003ba8   0x00000078   Code   RO          624    i.vTaskDelay        tasks.o
    0x08003c20   0x08003c20   0x00000110   Code   RO          626    i.vTaskDelete       tasks.o
    0x08003d30   0x08003d30   0x0000000c   Code   RO          628    i.vTaskMissedYield  tasks.o
    0x08003d3c   0x08003d3c   0x00000058   Code   RO          630    i.vTaskPlaceOnEventList  tasks.o
    0x08003d94   0x08003d94   0x00000080   Code   RO          631    i.vTaskPlaceOnUnorderedEventList  tasks.o
    0x08003e14   0x08003e14   0x000000b0   Code   RO          632    i.vTaskPriorityInherit  tasks.o
    0x08003ec4   0x08003ec4   0x00000050   Code   RO          635    i.vTaskSetTimeOutState  tasks.o
    0x08003f14   0x08003f14   0x000000a8   Code   RO          636    i.vTaskStartScheduler  tasks.o
    0x08003fbc   0x08003fbc   0x00000010   Code   RO          638    i.vTaskSuspendAll   tasks.o
    0x08003fcc   0x08003fcc   0x000000ac   Code   RO          639    i.vTaskSwitchContext  tasks.o
    0x08004078   0x08004078   0x00000074   Code   RO          327    i.xEventGroupClearBits  event_groups.o
    0x080040ec   0x080040ec   0x0000001a   Code   RO          328    i.xEventGroupCreate  event_groups.o
    0x08004106   0x08004106   0x00000002   PAD
    0x08004108   0x08004108   0x000000e8   Code   RO          330    i.xEventGroupSetBits  event_groups.o
    0x080041f0   0x080041f0   0x00000158   Code   RO          332    i.xEventGroupWaitBits  event_groups.o
    0x08004348   0x08004348   0x00000030   Code   RO         2802    i.xMyQueueReceiveData  my_queue.o
    0x08004378   0x08004378   0x000000a0   Code   RO          980    i.xPortStartScheduler  port.o
    0x08004418   0x08004418   0x00000034   Code   RO          981    i.xPortSysTickHandler  port.o
    0x0800444c   0x0800444c   0x00000022   Code   RO          466    i.xQueueCreateMutex  queue.o
    0x0800446e   0x0800446e   0x00000002   PAD
    0x08004470   0x08004470   0x00000078   Code   RO          467    i.xQueueGenericCreate  queue.o
    0x080044e8   0x080044e8   0x000001cc   Code   RO          468    i.xQueueGenericReceive  queue.o
    0x080046b4   0x080046b4   0x000000b4   Code   RO          469    i.xQueueGenericReset  queue.o
    0x08004768   0x08004768   0x000001a8   Code   RO          470    i.xQueueGenericSend  queue.o
    0x08004910   0x08004910   0x00000104   Code   RO          471    i.xQueueGenericSendFromISR  queue.o
    0x08004a14   0x08004a14   0x000000a4   Code   RO          640    i.xTaskCheckForTimeOut  tasks.o
    0x08004ab8   0x08004ab8   0x00000060   Code   RO          641    i.xTaskCreate       tasks.o
    0x08004b18   0x08004b18   0x00000020   Code   RO          645    i.xTaskGetSchedulerState  tasks.o
    0x08004b38   0x08004b38   0x00000164   Code   RO          648    i.xTaskIncrementTick  tasks.o
    0x08004c9c   0x08004c9c   0x000000dc   Code   RO          651    i.xTaskPriorityDisinherit  tasks.o
    0x08004d78   0x08004d78   0x000000b8   Code   RO          652    i.xTaskRemoveFromEventList  tasks.o
    0x08004e30   0x08004e30   0x000000c4   Code   RO          653    i.xTaskRemoveFromUnorderedEventList  tasks.o
    0x08004ef4   0x08004ef4   0x00000124   Code   RO          654    i.xTaskResumeAll    tasks.o
    0x08005018   0x08005018   0x00000020   Data   RO         3508    Region$$Table       anon$$obj.o


    Execution Region RW_IRAM1 (Exec base: 0x20000000, Load base: 0x08005038, Size: 0x00005000, Max: 0x00005000, ABSOLUTE)

    Exec Addr    Load Addr    Size         Type   Attr      Idx    E Section Name        Object

    0x20000000   0x08005038   0x0000003c   Data   RW          657    .data               tasks.o
    0x2000003c   0x08005074   0x00000018   Data   RW          931    .data               heap_4.o
    0x20000054   0x0800508c   0x0000000c   Data   RW          982    .data               port.o
    0x20000060   0x08005098   0x00000014   Data   RW         1195    .data               stm32f10x_rcc.o
    0x20000074   0x080050ac   0x00000014   Data   RW         2479    .data               system_stm32f10x.o
    0x20000088   0x080050c0   0x0000000c   Data   RW         2611    .data               dc_motor.o
    0x20000094   0x080050cc   0x00000004   Data   RW         2653    .data               screen.o
    0x20000098   0x080050d0   0x00000025   Data   RW         2690    .data               my_task.o
    0x200000bd   0x080050f5   0x00000003   PAD
    0x200000c0   0x080050f8   0x00000008   Data   RW         2742    .data               sr04.o
    0x200000c8   0x08005100   0x00000004   Data   RW         2804    .data               my_queue.o
    0x200000cc   0x08005104   0x00000004   Data   RW         2837    .data               my_event.o
    0x200000d0   0x08005108   0x00000004   Data   RW         2888    .data               config.o
    0x200000d4   0x0800510c   0x00000004   Data   RW         3002    .data               sg90.o
    0x200000d8   0x08005110   0x00000004   Data   RW         3039    .data               usart3.o
    0x200000dc   0x08005114   0x00000004   Data   RW         3095    .data               systick.o
    0x200000e0   0x08005118   0x00000004   Data   RW         3141    .data               mc_w.l(stdout.o)
    0x200000e4        -       0x000002e4   Zero   RW          656    .bss                tasks.o
    0x200003c8        -       0x00004800   Zero   RW          930    .bss                heap_4.o
    0x20004bc8        -       0x00000028   Zero   RW         2610    .bss                dc_motor.o
    0x20004bf0        -       0x00000010   Zero   RW         2652    .bss                screen.o
    0x20004c00        -       0x00000400   Zero   RW          302    STACK               startup_stm32f10x_md.o


==============================================================================

Image component sizes


      Code (inc. data)   RO Data    RW Data    ZI Data      Debug   Object Name

       188         14          0          4          0       3683   config.o
       652        154          0         12         40       2737   dc_motor.o
       748        140          0          0          0      14822   event_groups.o
       720        144          0         24      18432       3495   heap_4.o
        62          6          0          0          0        964   infrared.o
       116          8          0          0          0        914   key.o
       124          8          0          0          0        483   led.o
       384        154          0          0          0       1530   liquid_level.o
       148          0          0          0          0       2866   list.o
       124          8          0          0          0     287130   main.o
       172         22          0          0          0       2105   misc.o
       278         44          0          4          0       3258   my_event.o
        72         10          0          4          0       1267   my_queue.o
       448        206          0         37          0       2092   my_task.o
       858        240          0         12          0       9421   port.o
      1892        216          0          0          0      11165   queue.o
       532        208          0          4         16       2622   screen.o
       628        174          0          4          0       2459   sg90.o
       596        154          0          8          0       2873   sr04.o
        36          8        236          0       1024        812   startup_stm32f10x_md.o
       200         18          0          0          0       2152   stm32f10x_exti.o
       350          4          0          0          0       3698   stm32f10x_gpio.o
        36          0          0          0          0       2795   stm32f10x_it.o
       276         32          0         20          0       4466   stm32f10x_rcc.o
       358         52          0          0          0       4664   stm32f10x_tim.o
       490          6          0          0          0       7445   stm32f10x_usart.o
       328         28          0         20          0       2089   system_stm32f10x.o
        92         16          0          4          0        687   systick.o
      3678        994          0         60        740      28238   tasks.o
       588         30          0          0          0       3556   usart.o
       448         74          0          4          0       1986   usart3.o

    ----------------------------------------------------------------------
     15648       3172        268        224      20252     418474   Object Totals
         0          0         32          0          0          0   (incl. Generated)
        26          0          0          3          0          0   (incl. Padding)

    ----------------------------------------------------------------------

      Code (inc. data)   RO Data    RW Data    ZI Data      Debug   Library Member Name

         0          0          0          0          0          0   entry.o
         0          0          0          0          0          0   entry10a.o
         0          0          0          0          0          0   entry11a.o
         8          4          0          0          0          0   entry2.o
         4          0          0          0          0          0   entry5.o
         0          0          0          0          0          0   entry7b.o
         0          0          0          0          0          0   entry8b.o
         8          4          0          0          0          0   entry9a.o
        30          0          0          0          0          0   handlers.o
        36          8          0          0          0         68   init.o
         0          0          0          0          0          0   iusefp.o
        30          0          0          0          0         68   llshl.o
        36          0          0          0          0         68   llsshr.o
        32          0          0          0          0         68   llushr.o
        36          0          0          0          0         68   memcpya.o
       472         14          0          0          0        184   printf3.o
      2292         84          0          0          0        516   printfa.o
         4          0          0          0          0         68   putc.o
         0          0          0          4          0          0   stdout.o
        44          0          0          0          0         80   uidiv.o
        98          0          0          0          0         92   uldiv.o
        48          0          0          0          0         68   cdrcmple.o
        20          0          0          0          0         68   cfcmple.o
        20          0          0          0          0         68   cfrcmple.o
        56          0          0          0          0         88   d2f.o
       334          0          0          0          0        148   dadd.o
       222          0          0          0          0        100   ddiv.o
       186          0          0          0          0        176   depilogue.o
        50          0          0          0          0         76   dfixui.o
        48          0          0          0          0         68   dfixul.o
       228          0          0          0          0         96   dmul.o
        38          0          0          0          0         68   f2d.o
       110          0          0          0          0        168   fepilogue.o
        18          0          0          0          0         68   fflti.o
        10          0          0          0          0         68   ffltui.o
       100          0          0          0          0         76   fmul.o

    ----------------------------------------------------------------------
      4620        114          0          4          0       2684   Library Totals
         2          0          0          0          0          0   (incl. Padding)

    ----------------------------------------------------------------------

      Code (inc. data)   RO Data    RW Data    ZI Data      Debug   Library Name

      3130        114          0          4          0       1280   mc_w.l
      1488          0          0          0          0       1404   mf_w.l

    ----------------------------------------------------------------------
      4620        114          0          4          0       2684   Library Totals

    ----------------------------------------------------------------------

==============================================================================


      Code (inc. data)   RO Data    RW Data    ZI Data      Debug   

     20268       3286        268        228      20252     412002   Grand Totals
     20268       3286        268        228      20252     412002   ELF Image Totals
     20268       3286        268        228          0          0   ROM Totals

==============================================================================

    Total RO  Size (Code + RO Data)                20536 (  20.05kB)
    Total RW  Size (RW Data + ZI Data)             20480 (  20.00kB)
    Total ROM Size (Code + RO Data + RW Data)      20764 (  20.28kB)

==============================================================================

